Archive member included to satisfy reference by file (symbol)

e:/clion/gcc-arm-none-eabi/10 2020-q4-major/bin/../lib/gcc/arm-none-eabi/10.2.1/../../../../arm-none-eabi/lib/thumb/v7-m/nofp\libc_nano.a(lib_a-exit.o)
                              e:/clion/gcc-arm-none-eabi/10 2020-q4-major/bin/../lib/gcc/arm-none-eabi/10.2.1/../../../../arm-none-eabi/lib/thumb/v7-m/nofp/crt0.o (exit)
e:/clion/gcc-arm-none-eabi/10 2020-q4-major/bin/../lib/gcc/arm-none-eabi/10.2.1/../../../../arm-none-eabi/lib/thumb/v7-m/nofp\libc_nano.a(lib_a-impure.o)
                              e:/clion/gcc-arm-none-eabi/10 2020-q4-major/bin/../lib/gcc/arm-none-eabi/10.2.1/../../../../arm-none-eabi/lib/thumb/v7-m/nofp\libc_nano.a(lib_a-exit.o) (_global_impure_ptr)
e:/clion/gcc-arm-none-eabi/10 2020-q4-major/bin/../lib/gcc/arm-none-eabi/10.2.1/../../../../arm-none-eabi/lib/thumb/v7-m/nofp\libc_nano.a(lib_a-init.o)
                              e:/clion/gcc-arm-none-eabi/10 2020-q4-major/bin/../lib/gcc/arm-none-eabi/10.2.1/../../../../arm-none-eabi/lib/thumb/v7-m/nofp/crt0.o (__libc_init_array)
e:/clion/gcc-arm-none-eabi/10 2020-q4-major/bin/../lib/gcc/arm-none-eabi/10.2.1/../../../../arm-none-eabi/lib/thumb/v7-m/nofp\libc_nano.a(lib_a-memset.o)
                              e:/clion/gcc-arm-none-eabi/10 2020-q4-major/bin/../lib/gcc/arm-none-eabi/10.2.1/../../../../arm-none-eabi/lib/thumb/v7-m/nofp/crt0.o (memset)
e:/clion/gcc-arm-none-eabi/10 2020-q4-major/bin/../lib/gcc/arm-none-eabi/10.2.1/../../../../arm-none-eabi/lib/thumb/v7-m/nofp\libc_nano.a(lib_a-printf.o)
                              build/mpu6050.o (printf)
e:/clion/gcc-arm-none-eabi/10 2020-q4-major/bin/../lib/gcc/arm-none-eabi/10.2.1/../../../../arm-none-eabi/lib/thumb/v7-m/nofp\libc_nano.a(lib_a-findfp.o)
                              e:/clion/gcc-arm-none-eabi/10 2020-q4-major/bin/../lib/gcc/arm-none-eabi/10.2.1/../../../../arm-none-eabi/lib/thumb/v7-m/nofp\libc_nano.a(lib_a-printf.o) (__sinit)
e:/clion/gcc-arm-none-eabi/10 2020-q4-major/bin/../lib/gcc/arm-none-eabi/10.2.1/../../../../arm-none-eabi/lib/thumb/v7-m/nofp\libc_nano.a(lib_a-fwalk.o)
                              e:/clion/gcc-arm-none-eabi/10 2020-q4-major/bin/../lib/gcc/arm-none-eabi/10.2.1/../../../../arm-none-eabi/lib/thumb/v7-m/nofp\libc_nano.a(lib_a-findfp.o) (_fwalk)
e:/clion/gcc-arm-none-eabi/10 2020-q4-major/bin/../lib/gcc/arm-none-eabi/10.2.1/../../../../arm-none-eabi/lib/thumb/v7-m/nofp\libc_nano.a(lib_a-lock.o)
                              e:/clion/gcc-arm-none-eabi/10 2020-q4-major/bin/../lib/gcc/arm-none-eabi/10.2.1/../../../../arm-none-eabi/lib/thumb/v7-m/nofp\libc_nano.a(lib_a-findfp.o) (__retarget_lock_init_recursive)
e:/clion/gcc-arm-none-eabi/10 2020-q4-major/bin/../lib/gcc/arm-none-eabi/10.2.1/../../../../arm-none-eabi/lib/thumb/v7-m/nofp\libc_nano.a(lib_a-nano-mallocr.o)
                              e:/clion/gcc-arm-none-eabi/10 2020-q4-major/bin/../lib/gcc/arm-none-eabi/10.2.1/../../../../arm-none-eabi/lib/thumb/v7-m/nofp\libc_nano.a(lib_a-findfp.o) (_malloc_r)
e:/clion/gcc-arm-none-eabi/10 2020-q4-major/bin/../lib/gcc/arm-none-eabi/10.2.1/../../../../arm-none-eabi/lib/thumb/v7-m/nofp\libc_nano.a(lib_a-nano-vfprintf.o)
                              e:/clion/gcc-arm-none-eabi/10 2020-q4-major/bin/../lib/gcc/arm-none-eabi/10.2.1/../../../../arm-none-eabi/lib/thumb/v7-m/nofp\libc_nano.a(lib_a-printf.o) (_vfprintf_r)
e:/clion/gcc-arm-none-eabi/10 2020-q4-major/bin/../lib/gcc/arm-none-eabi/10.2.1/../../../../arm-none-eabi/lib/thumb/v7-m/nofp\libc_nano.a(lib_a-nano-vfprintf_i.o)
                              e:/clion/gcc-arm-none-eabi/10 2020-q4-major/bin/../lib/gcc/arm-none-eabi/10.2.1/../../../../arm-none-eabi/lib/thumb/v7-m/nofp\libc_nano.a(lib_a-nano-vfprintf.o) (_printf_i)
e:/clion/gcc-arm-none-eabi/10 2020-q4-major/bin/../lib/gcc/arm-none-eabi/10.2.1/../../../../arm-none-eabi/lib/thumb/v7-m/nofp\libc_nano.a(lib_a-sbrkr.o)
                              e:/clion/gcc-arm-none-eabi/10 2020-q4-major/bin/../lib/gcc/arm-none-eabi/10.2.1/../../../../arm-none-eabi/lib/thumb/v7-m/nofp\libc_nano.a(lib_a-nano-mallocr.o) (_sbrk_r)
e:/clion/gcc-arm-none-eabi/10 2020-q4-major/bin/../lib/gcc/arm-none-eabi/10.2.1/../../../../arm-none-eabi/lib/thumb/v7-m/nofp\libc_nano.a(lib_a-stdio.o)
                              e:/clion/gcc-arm-none-eabi/10 2020-q4-major/bin/../lib/gcc/arm-none-eabi/10.2.1/../../../../arm-none-eabi/lib/thumb/v7-m/nofp\libc_nano.a(lib_a-findfp.o) (__sread)
e:/clion/gcc-arm-none-eabi/10 2020-q4-major/bin/../lib/gcc/arm-none-eabi/10.2.1/../../../../arm-none-eabi/lib/thumb/v7-m/nofp\libc_nano.a(lib_a-wbuf.o)
                              e:/clion/gcc-arm-none-eabi/10 2020-q4-major/bin/../lib/gcc/arm-none-eabi/10.2.1/../../../../arm-none-eabi/lib/thumb/v7-m/nofp\libc_nano.a(lib_a-nano-vfprintf.o) (__swbuf_r)
e:/clion/gcc-arm-none-eabi/10 2020-q4-major/bin/../lib/gcc/arm-none-eabi/10.2.1/../../../../arm-none-eabi/lib/thumb/v7-m/nofp\libc_nano.a(lib_a-writer.o)
[...]
Memory Configuration

Name             Origin             Length             Attributes
RAM              0x20000000         0x00005000         xrw
FLASH            0x08000000         0x00010000         xr
*default*        0x00000000         0xffffffff

Linker script and memory map

LOAD e:/clion/gcc-arm-none-eabi/10 2020-q4-major/bin/../lib/gcc/arm-none-eabi/10.2.1/thumb/v7-m/nofp/crti.o
LOAD e:/clion/gcc-arm-none-eabi/10 2020-q4-major/bin/../lib/gcc/arm-none-eabi/10.2.1/thumb/v7-m/nofp/crtbegin.o
LOAD e:/clion/gcc-arm-none-eabi/10 2020-q4-major/bin/../lib/gcc/arm-none-eabi/10.2.1/../../../../arm-none-eabi/lib/thumb/v7-m/nofp/crt0.o
LOAD build/main.o
LOAD build/stm32f1xx_it.o
LOAD build/stm32f1xx_hal_msp.o
LOAD build/stm32f1xx_hal_gpio_ex.o
LOAD build/stm32f1xx_hal_tim.o
LOAD build/stm32f1xx_hal_tim_ex.o
LOAD build/stm32f1xx_hal_uart.o
LOAD build/stm32f1xx_hal.o
LOAD build/stm32f1xx_hal_rcc.o
LOAD build/stm32f1xx_hal_rcc_ex.o
LOAD build/stm32f1xx_hal_gpio.o
LOAD build/stm32f1xx_hal_dma.o
LOAD build/stm32f1xx_hal_cortex.o
LOAD build/stm32f1xx_hal_pwr.o
LOAD build/stm32f1xx_hal_flash.o
LOAD build/stm32f1xx_hal_flash_ex.o
LOAD build/stm32f1xx_hal_exti.o
LOAD build/system_stm32f1xx.o
LOAD build/gpio.o
LOAD build/usart.o
LOAD build/tim.o
LOAD build/servo.o
LOAD build/mpu6050.o
LOAD build/Scheduler.o
LOAD build/filter.o
LOAD build/DT.o
LOAD build/oled.o
LOAD build/show.o
LOAD build/startup_stm32f103xb.o
LOAD e:/clion/gcc-arm-none-eabi/10 2020-q4-major/bin/../lib/gcc/arm-none-eabi/10.2.1/../../../../arm-none-eabi/lib/thumb/v7-m/nofp\libc_nano.a
LOAD e:/clion/gcc-arm-none-eabi/10 2020-q4-major/bin/../lib/gcc/arm-none-eabi/10.2.1/../../../../arm-none-eabi/lib/thumb/v7-m/nofp\libm.a
LOAD e:/clion/gcc-arm-none-eabi/10 2020-q4-major/bin/../lib/gcc/arm-none-eabi/10.2.1/../../../../arm-none-eabi/lib/thumb/v7-m/nofp\libnosys.a
START GROUP
LOAD e:/clion/gcc-arm-none-eabi/10 2020-q4-major/bin/../lib/gcc/arm-none-eabi/10.2.1/thumb/v7-m/nofp\libgcc.a
LOAD e:/clion/gcc-arm-none-eabi/10 2020-q4-major/bin/../lib/gcc/arm-none-eabi/10.2.1/../../../../arm-none-eabi/lib/thumb/v7-m/nofp\libc_nano.a
END GROUP
START GROUP
LOAD e:/clion/gcc-arm-none-eabi/10 2020-q4-major/bin/../lib/gcc/arm-none-eabi/10.2.1/thumb/v7-m/nofp\libgcc.a
LOAD e:/clion/gcc-arm-none-eabi/10 2020-q4-major/bin/../lib/gcc/arm-none-eabi/10.2.1/../../../../arm-none-eabi/lib/thumb/v7-m/nofp\libc_nano.a
END GROUP
LOAD e:/clion/gcc-arm-none-eabi/10 2020-q4-major/bin/../lib/gcc/arm-none-eabi/10.2.1/thumb/v7-m/nofp/crtend.o
LOAD e:/clion/gcc-arm-none-eabi/10 2020-q4-major/bin/../lib/gcc/arm-none-eabi/10.2.1/thumb/v7-m/nofp/crtn.o
                0x20005000                _estack = 0x20005000
                0x00000200                _Min_Heap_Size = 0x200
                0x00000400                _Min_Stack_Size = 0x400

.isr_vector     0x08000000      0x10c
                0x08000000                . = ALIGN (0x4)
 *(.isr_vector)
 .isr_vector    0x08000000      0x10c build/startup_stm32f103xb.o
                0x08000000                g_pfnVectors
                0x0800010c                . = ALIGN (0x4)

.text           0x08000110     0x5368
                0x08000110                . = ALIGN (0x4)
 *(.text)
 .text          0x08000110       0x40 e:/clion/gcc-arm-none-eabi/10 2020-q4-major/bin/../lib/gcc/arm-none-eabi/10.2.1/thumb/v7-m/nofp/crtbegin.o
 .text          0x08000150      0x378 e:/clion/gcc-arm-none-eabi/10 2020-q4-major/bin/../lib/gcc/arm-none-eabi/10.2.1/thumb/v7-m/nofp\libgcc.a(_arm_addsubdf3.o)
                0x08000150                __aeabi_drsub
                0x08000158                __aeabi_dsub
                0x08000158                __subdf3
                0x0800015c                __aeabi_dadd
                0x0800015c                __adddf3
                0x080003d4                __floatunsidf
                0x080003d4                __aeabi_ui2d
                0x080003f4                __floatsidf
                0x080003f4                __aeabi_i2d
                0x08000418                __aeabi_f2d
                0x08000418                __extendsfdf2
                0x0800045c                __floatundidf
                0x0800045c                __aeabi_ul2d
                0x0800046c                __floatdidf
                0x0800046c                __aeabi_l2d
 .text          0x080004c8      0x424 e:/clion/gcc-arm-none-eabi/10 2020-q4-major/bin/../lib/gcc/arm-none-eabi/10.2.1/thumb/v7-m/nofp\libgcc.a(_arm_muldivdf3.o)
                0x080004c8                __aeabi_dmul
                0x080004c8                __muldf3
                0x0800071c                __divdf3
                0x0800071c                __aeabi_ddiv
 .text          0x080008ec      0x110 e:/clion/gcc-arm-none-eabi/10 2020-q4-major/bin/../lib/gcc/arm-none-eabi/10.2.1/thumb/v7-m/nofp\libgcc.a(_arm_cmpdf2.o)
                0x080008ec                __gtdf2
                0x080008ec                __gedf2
                0x080008f4                __ltdf2
                0x080008f4                __ledf2
                0x080008fc                __nedf2
                0x080008fc                __eqdf2
                0x080008fc                __cmpdf2
                0x08000978                __aeabi_cdrcmple
                0x08000988                __aeabi_cdcmpeq
                0x08000988                __aeabi_cdcmple
                0x08000998                __aeabi_dcmpeq
                0x080009ac                __aeabi_dcmplt
                0x080009c0                __aeabi_dcmple
                0x080009d4                __aeabi_dcmpge
                0x080009e8                __aeabi_dcmpgt
 .text          0x080009fc       0xa0 e:/clion/gcc-arm-none-eabi/10 2020-q4-major/bin/../lib/gcc/arm-none-eabi/10.2.1/thumb/v7-m/nofp\libgcc.a(_arm_truncdfsf2.o)
                0x080009fc                __truncdfsf2
                0x080009fc                __aeabi_d2f
 .text          0x08000a9c      0x21c e:/clion/gcc-arm-none-eabi/10 2020-q4-major/bin/../lib/gcc/arm-none-eabi/10.2.1/thumb/v7-m/nofp\libgcc.a(_arm_addsubsf3.o)
                0x08000a9c                __aeabi_frsub
                0x08000aa4                __subsf3
                0x08000aa4                __aeabi_fsub
                0x08000aa8                __aeabi_fadd
                0x08000aa8                __addsf3
                0x08000c08                __aeabi_ui2f
                0x08000c08                __floatunsisf
                0x08000c10                __aeabi_i2f
                0x08000c10                __floatsisf
                0x08000c2c                __aeabi_ul2f
                0x08000c2c                __floatundisf
                0x08000c3c                __aeabi_l2f
                0x08000c3c                __floatdisf
 .text          0x08000cb8      0x2a0 e:/clion/gcc-arm-none-eabi/10 2020-q4-major/bin/../lib/gcc/arm-none-eabi/10.2.1/thumb/v7-m/nofp\libgcc.a(_arm_muldivsf3.o)
                0x08000cb8                __mulsf3
                0x08000cb8                __aeabi_fmul
                0x08000e20                __aeabi_fdiv
                0x08000e20                __divsf3
 .text          0x08000f58       0xec e:/clion/gcc-arm-none-eabi/10 2020-q4-major/bin/../lib/gcc/arm-none-eabi/10.2.1/thumb/v7-m/nofp\libgcc.a(_arm_cmpsf2.o)
                0x08000f58                __gesf2
                0x08000f58                __gtsf2
                0x08000f60                __lesf2
                0x08000f60                __ltsf2
                0x08000f68                __nesf2
                0x08000f68                __eqsf2
                0x08000f68                __cmpsf2
                0x08000fc8                __aeabi_cfrcmple
                0x08000fd0                __aeabi_cfcmpeq
                0x08000fd0                __aeabi_cfcmple
                0x08000fe0                __aeabi_fcmpeq
                0x08000ff4                __aeabi_fcmplt
                0x08001008                __aeabi_fcmple
                0x0800101c                __aeabi_fcmpge
                0x08001030                __aeabi_fcmpgt
 .text          0x08001044       0x4c e:/clion/gcc-arm-none-eabi/10 2020-q4-major/bin/../lib/gcc/arm-none-eabi/10.2.1/thumb/v7-m/nofp\libgcc.a(_arm_fixsfsi.o)
                0x08001044                __aeabi_f2iz
                0x08001044                __fixsfsi
 *(.text*)
 .text.SystemClock_Config
                0x08001090       0x54 build/main.o
                0x08001090                SystemClock_Config
 .text.main     0x080010e4       0x4c build/main.o
                0x080010e4                main
 .text.Error_Handler
                0x08001130        0x2 build/main.o
                0x08001130                Error_Handler
 .text.NMI_Handler
                0x08001132        0x2 build/stm32f1xx_it.o
                0x08001132                NMI_Handler
 .text.HardFault_Handler
                0x08001134        0x2 build/stm32f1xx_it.o
                0x08001134                HardFault_Handler
 .text.MemManage_Handler
                0x08001136        0x2 build/stm32f1xx_it.o
                0x08001136                MemManage_Handler
 .text.BusFault_Handler
                0x08001138        0x2 build/stm32f1xx_it.o
                0x08001138                BusFault_Handler
 .text.UsageFault_Handler
                0x0800113a        0x2 build/stm32f1xx_it.o
                0x0800113a                UsageFault_Handler
 .text.SVC_Handler
                0x0800113c        0x2 build/stm32f1xx_it.o
                0x0800113c                SVC_Handler
 .text.DebugMon_Handler
                0x0800113e        0x2 build/stm32f1xx_it.o
                0x0800113e                DebugMon_Handler
 .text.PendSV_Handler
                0x08001140        0x2 build/stm32f1xx_it.o
                0x08001140                PendSV_Handler
 .text.SysTick_Handler
                0x08001142        0x8 build/stm32f1xx_it.o
                0x08001142                SysTick_Handler
 *fill*         0x0800114a        0x2 
 .text.USART1_IRQHandler
                0x0800114c       0x10 build/stm32f1xx_it.o
                0x0800114c                USART1_IRQHandler
 .text.USART3_IRQHandler
                0x0800115c       0x10 build/stm32f1xx_it.o
                0x0800115c                USART3_IRQHandler
 .text.HAL_MspInit
                0x0800116c       0x4c build/stm32f1xx_hal_msp.o
                0x0800116c                HAL_MspInit
 .text.TIM_OC1_SetConfig
                0x080011b8       0x5c build/stm32f1xx_hal_tim.o
 .text.TIM_OC3_SetConfig
                0x08001214       0x64 build/stm32f1xx_hal_tim.o
 .text.TIM_OC4_SetConfig
                0x08001278       0x48 build/stm32f1xx_hal_tim.o
 .text.TIM_TI1_ConfigInputStage
                0x080012c0       0x24 build/stm32f1xx_hal_tim.o
 .text.TIM_TI2_ConfigInputStage
                0x080012e4       0x26 build/stm32f1xx_hal_tim.o
 .text.TIM_ITRx_SetConfig
                0x0800130a       0x10 build/stm32f1xx_hal_tim.o
 .text.HAL_TIM_PWM_MspInit
                0x0800131a        0x2 build/stm32f1xx_hal_tim.o
                0x0800131a                HAL_TIM_PWM_MspInit
 .text.TIM_Base_SetConfig
                0x0800131c       0x74 build/stm32f1xx_hal_tim.o
                0x0800131c                TIM_Base_SetConfig
 .text.HAL_TIM_Base_Init
                0x08001390       0x58 build/stm32f1xx_hal_tim.o
                0x08001390                HAL_TIM_Base_Init
 .text.HAL_TIM_PWM_Init
                0x080013e8       0x58 build/stm32f1xx_hal_tim.o
                0x080013e8                HAL_TIM_PWM_Init
 .text.TIM_OC2_SetConfig
                0x08001440       0x64 build/stm32f1xx_hal_tim.o
                0x08001440                TIM_OC2_SetConfig
 .text.HAL_TIM_PWM_ConfigChannel
                0x080014a4       0xd0 build/stm32f1xx_hal_tim.o
                0x080014a4                HAL_TIM_PWM_ConfigChannel
 .text.TIM_ETR_SetConfig
                0x08001574       0x18 build/stm32f1xx_hal_tim.o
                0x08001574                TIM_ETR_SetConfig
 .text.HAL_TIM_ConfigClockSource
                0x0800158c       0xda build/stm32f1xx_hal_tim.o
                0x0800158c                HAL_TIM_ConfigClockSource
 .text.TIM_CCxChannelCmd
                0x08001666       0x1e build/stm32f1xx_hal_tim.o
                0x08001666                TIM_CCxChannelCmd
 .text.HAL_TIM_PWM_Start
                0x08001684       0xdc build/stm32f1xx_hal_tim.o
                0x08001684                HAL_TIM_PWM_Start
 .text.HAL_TIMEx_MasterConfigSynchronization
                0x08001760       0x6c build/stm32f1xx_hal_tim_ex.o
                0x08001760                HAL_TIMEx_MasterConfigSynchronization
 .text.UART_EndRxTransfer
                0x080017cc       0x32 build/stm32f1xx_hal_uart.o
 .text.UART_Transmit_IT
                0x080017fe       0x60 build/stm32f1xx_hal_uart.o
 *fill*         0x0800185e        0x2 
 .text.UART_SetConfig
                0x08001860       0x94 build/stm32f1xx_hal_uart.o
 .text.UART_WaitOnFlagUntilTimeout
                0x080018f4       0x6c build/stm32f1xx_hal_uart.o
 .text.HAL_UART_Init
                0x08001960       0x5e build/stm32f1xx_hal_uart.o
                0x08001960                HAL_UART_Init
 .text.HAL_UART_Transmit
                0x080019be       0xd8 build/stm32f1xx_hal_uart.o
                0x080019be                HAL_UART_Transmit
 .text.HAL_UART_TxCpltCallback
                0x08001a96        0x2 build/stm32f1xx_hal_uart.o
                0x08001a96                HAL_UART_TxCpltCallback
 .text.UART_EndTransmit_IT
                0x08001a98       0x1a build/stm32f1xx_hal_uart.o
 .text.HAL_UART_ErrorCallback
                0x08001ab2        0x2 build/stm32f1xx_hal_uart.o
                0x08001ab2                HAL_UART_ErrorCallback
 .text.UART_DMAAbortOnError
                0x08001ab4       0x10 build/stm32f1xx_hal_uart.o
 .text.HAL_UARTEx_RxEventCallback
                0x08001ac4        0x2 build/stm32f1xx_hal_uart.o
                0x08001ac4                HAL_UARTEx_RxEventCallback
 .text.UART_Receive_IT
                0x08001ac6       0xd4 build/stm32f1xx_hal_uart.o
 *fill*         0x08001b9a        0x2 
 .text.HAL_UART_IRQHandler
                0x08001b9c      0x204 build/stm32f1xx_hal_uart.o
                0x08001b9c                HAL_UART_IRQHandler
 .text.HAL_UART_GetState
                0x08001da0        0xc build/stm32f1xx_hal_uart.o
                0x08001da0                HAL_UART_GetState
 .text.UART_Start_Receive_IT
                0x08001dac       0x36 build/stm32f1xx_hal_uart.o
                0x08001dac                UART_Start_Receive_IT
 .text.HAL_UART_Receive_IT
                0x08001de2       0x38 build/stm32f1xx_hal_uart.o
                0x08001de2                HAL_UART_Receive_IT
 *fill*         0x08001e1a        0x2 
 .text.HAL_InitTick
                0x08001e1c       0x4c build/stm32f1xx_hal.o
                0x08001e1c                HAL_InitTick
 .text.HAL_Init
                0x08001e68       0x24 build/stm32f1xx_hal.o
                0x08001e68                HAL_Init
 .text.HAL_IncTick
                0x08001e8c       0x18 build/stm32f1xx_hal.o
                0x08001e8c                HAL_IncTick
 .text.HAL_GetTick
                0x08001ea4        0xc build/stm32f1xx_hal.o
                0x08001ea4                HAL_GetTick
 .text.HAL_Delay
                0x08001eb0       0x28 build/stm32f1xx_hal.o
                0x08001eb0                HAL_Delay
 .text.RCC_Delay
                0x08001ed8       0x2c build/stm32f1xx_hal_rcc.o
 .text.HAL_RCC_OscConfig
                0x08001f04      0x410 build/stm32f1xx_hal_rcc.o
                0x08001f04                HAL_RCC_OscConfig
 .text.HAL_RCC_GetSysClockFreq
                0x08002314       0x6c build/stm32f1xx_hal_rcc.o
                0x08002314                HAL_RCC_GetSysClockFreq
 .text.HAL_RCC_ClockConfig
                0x08002380      0x16c build/stm32f1xx_hal_rcc.o
                0x08002380                HAL_RCC_ClockConfig
 .text.HAL_RCC_GetHCLKFreq
                0x080024ec        0xc build/stm32f1xx_hal_rcc.o
                0x080024ec                HAL_RCC_GetHCLKFreq
 .text.HAL_RCC_GetPCLK1Freq
                0x080024f8       0x20 build/stm32f1xx_hal_rcc.o
                0x080024f8                HAL_RCC_GetPCLK1Freq
 .text.HAL_RCC_GetPCLK2Freq
                0x08002518       0x20 build/stm32f1xx_hal_rcc.o
                0x08002518                HAL_RCC_GetPCLK2Freq
 .text.HAL_GPIO_Init
                0x08002538      0x224 build/stm32f1xx_hal_gpio.o
                0x08002538                HAL_GPIO_Init
 .text.HAL_GPIO_WritePin
                0x0800275c        0xc build/stm32f1xx_hal_gpio.o
                0x0800275c                HAL_GPIO_WritePin
 .text.HAL_DMA_Abort
                0x08002768       0x44 build/stm32f1xx_hal_dma.o
                0x08002768                HAL_DMA_Abort
 .text.HAL_DMA_Abort_IT
                0x080027ac       0x98 build/stm32f1xx_hal_dma.o
                0x080027ac                HAL_DMA_Abort_IT
 .text.HAL_NVIC_SetPriorityGrouping
                0x08002844       0x24 build/stm32f1xx_hal_cortex.o
                0x08002844                HAL_NVIC_SetPriorityGrouping
 .text.HAL_NVIC_SetPriority
                0x08002868       0x70 build/stm32f1xx_hal_cortex.o
                0x08002868                HAL_NVIC_SetPriority
 .text.HAL_NVIC_EnableIRQ
                0x080028d8       0x1c build/stm32f1xx_hal_cortex.o
                0x080028d8                HAL_NVIC_EnableIRQ
 .text.HAL_SYSTICK_Config
                0x080028f4       0x28 build/stm32f1xx_hal_cortex.o
                0x080028f4                HAL_SYSTICK_Config
 .text.SystemInit
                0x0800291c        0x2 build/system_stm32f1xx.o
                0x0800291c                SystemInit
 *fill*         0x0800291e        0x2 
 .text.MX_GPIO_Init
                0x08002920       0x9c build/gpio.o
                0x08002920                MX_GPIO_Init
 .text.MX_USART1_UART_Init
                0x080029bc       0x38 build/usart.o
                0x080029bc                MX_USART1_UART_Init
 .text.MX_USART3_UART_Init
                0x080029f4       0x38 build/usart.o
                0x080029f4                MX_USART3_UART_Init
 .text.HAL_UART_MspInit
                0x08002a2c       0xfc build/usart.o
                0x08002a2c                HAL_UART_MspInit
 .text.HAL_UART_RxCpltCallback
                0x08002b28       0x80 build/usart.o
                0x08002b28                HAL_UART_RxCpltCallback
 .text.GetSysTime_us
                0x08002ba8       0x30 build/tim.o
                0x08002ba8                GetSysTime_us
 .text.HAL_Delay_us
                0x08002bd8       0x16 build/tim.o
                0x08002bd8                HAL_Delay_us
 *fill*         0x08002bee        0x2 
 .text.HAL_TIM_Base_MspInit
                0x08002bf0       0x6c build/tim.o
                0x08002bf0                HAL_TIM_Base_MspInit
 .text.HAL_TIM_MspPostInit
                0x08002c5c       0xd8 build/tim.o
                0x08002c5c                HAL_TIM_MspPostInit
 .text.MX_TIM2_Init
                0x08002d34       0xec build/tim.o
                0x08002d34                MX_TIM2_Init
 .text.MX_TIM3_Init
                0x08002e20       0xec build/tim.o
                0x08002e20                MX_TIM3_Init
 .text.MX_TIM4_Init
                0x08002f0c       0xec build/tim.o
                0x08002f0c                MX_TIM4_Init
 .text.pwm_servo_init
                0x08002ff8       0x78 build/servo.o
                0x08002ff8                pwm_servo_init
 .text.MPU_IIC_Start
                0x08003070       0x5c build/mpu6050.o
 .text.MPU_IIC_Send_Byte
                0x080030cc       0x5c build/mpu6050.o
 .text.MPU_IIC_Ack
                0x08003128       0x40 build/mpu6050.o
 .text.MPU_IIC_NAck
                0x08003168       0x40 build/mpu6050.o
 .text.MPU_IIC_Read_Byte
                0x080031a8       0x68 build/mpu6050.o
 .text.MPU_IIC_Stop
                0x08003210       0x40 build/mpu6050.o
 .text.MPU_IIC_Wait_Ack
                0x08003250       0x64 build/mpu6050.o
 .text.MPU_IICreadBytes
                0x080032b4       0x62 build/mpu6050.o
 .text.MPU_IICwriteBytes
                0x08003316       0x44 build/mpu6050.o
 .text.MPU_IICwriteByte
                0x0800335a       0x18 build/mpu6050.o
 .text.MPU6050_set_SMPRT_DIV
                0x08003372        0xe build/mpu6050.o
 .text.MPU6050_testConnection
                0x08003380       0x38 build/mpu6050.o
 .text.MPU_I2C_ReadOneByte
                0x080033b8       0x42 build/mpu6050.o
                0x080033b8                MPU_I2C_ReadOneByte
 .text.MPU_IICreadByte
                0x080033fa        0xe build/mpu6050.o
 .text.MPU_IICwriteBit
                0x08003408       0x44 build/mpu6050.o
 .text.MPU6050_resetEnabled
                0x0800344c       0x16 build/mpu6050.o
 .text.MPU6050_INT_Disabled
                0x08003462       0x10 build/mpu6050.o
 .text.MPU6050_setSleepEnabled
                0x08003472       0x10 build/mpu6050.o
 .text.MPU6050_setI2CMasterModeEnabled
                0x08003482       0x10 build/mpu6050.o
 .text.MPU6050_setI2CBypassEnabled
                0x08003492       0x10 build/mpu6050.o
 .text.MPU_IICwriteBits
                0x080034a2       0x60 build/mpu6050.o
 .text.MPU6050_setClockSource
                0x08003502       0x18 build/mpu6050.o
 .text.MPU6050_set_Gyro_Accel_outRange
                0x0800351a       0x18 build/mpu6050.o
 .text.MPU6050_setFullScaleGyroRange
                0x08003532       0x18 build/mpu6050.o
 .text.MPU6050_setFullScaleAccelRange
                0x0800354a       0x18 build/mpu6050.o
 .text.MPU6050_set_Gyro_DLPF_outRange
                0x08003562       0x18 build/mpu6050.o
 .text.MPU6050_initialize
                0x0800357a       0x4a build/mpu6050.o
                0x0800357a                MPU6050_initialize
 .text.Loop_500Hz
                0x080035c4        0x2 build/Scheduler.o
 .text.Loop_50Hz
                0x080035c6        0x2 build/Scheduler.o
 .text.Loop_20Hz
                0x080035c8        0x2 build/Scheduler.o
 .text.Loop_10Hz
                0x080035ca        0x2 build/Scheduler.o
 .text.Loop_2Hz
                0x080035cc        0x8 build/Scheduler.o
 .text.Loop_100Hz
                0x080035d4       0x1c build/Scheduler.o
 .text.Loop_1000Hz
                0x080035f0       0x30 build/Scheduler.o
 .text.Loop_200Hz
                0x08003620        0x8 build/Scheduler.o
 .text.Scheduler_Setup
                0x08003628       0x3c build/Scheduler.o
                0x08003628                Scheduler_Setup
 .text.Scheduler_Run
                0x08003664       0x44 build/Scheduler.o
                0x08003664                Scheduler_Run
 .text.Kalman_Filter_X
                0x080036a8      0x1f4 build/filter.o
                0x080036a8                Kalman_Filter_X
 .text.Kalman_Filter_Y
                0x0800389c      0x1f4 build/filter.o
                0x0800389c                Kalman_Filter_Y
 .text.Filter_Get_Angle
                0x08003a90      0x230 build/filter.o
                0x08003a90                Filter_Get_Angle
 .text.OLED_WR_Byte
                0x08003cc0       0x58 build/oled.o
 .text.OLED_Refresh_Gram
                0x08003d18       0x4c build/oled.o
                0x08003d18                OLED_Refresh_Gram
 .text.OLED_Clear
                0x08003d64       0x30 build/oled.o
                0x08003d64                OLED_Clear
 .text.OLED_Init
                0x08003d94       0xe8 build/oled.o
                0x08003d94                OLED_Init
 .text.OLED_DrawPoint
                0x08003e7c       0x50 build/oled.o
                0x08003e7c                OLED_DrawPoint
 .text.OLED_ShowChar
                0x08003ecc       0xa0 build/oled.o
                0x08003ecc                OLED_ShowChar
 .text.OLED_ShowString
                0x08003f6c       0x44 build/oled.o
                0x08003f6c                OLED_ShowString
 .text.oled_show
                0x08003fb0       0x18 build/show.o
                0x08003fb0                oled_show
 .text.Reset_Handler
                0x08003fc8       0x48 build/startup_stm32f103xb.o
                0x08003fc8                Reset_Handler
 .text.Default_Handler
                0x08004010        0x2 build/startup_stm32f103xb.o
                0x08004010                RTC_Alarm_IRQHandler
                0x08004010                EXTI2_IRQHandler
                0x08004010                TIM1_CC_IRQHandler
                0x08004010                PVD_IRQHandler
                0x08004010                EXTI3_IRQHandler
                0x08004010                EXTI0_IRQHandler
                0x08004010                I2C2_EV_IRQHandler
                0x08004010                ADC1_2_IRQHandler
                0x08004010                SPI1_IRQHandler
                0x08004010                TAMPER_IRQHandler
                0x08004010                DMA1_Channel4_IRQHandler
                0x08004010                RTC_IRQHandler
                0x08004010                DMA1_Channel7_IRQHandler
                0x08004010                CAN1_RX1_IRQHandler
                0x08004010                TIM4_IRQHandler
                0x08004010                I2C1_EV_IRQHandler
                0x08004010                DMA1_Channel6_IRQHandler
                0x08004010                TIM3_IRQHandler
                0x08004010                RCC_IRQHandler
                0x08004010                TIM1_TRG_COM_IRQHandler
                0x08004010                DMA1_Channel1_IRQHandler
                0x08004010                Default_Handler
                0x08004010                EXTI15_10_IRQHandler
                0x08004010                EXTI9_5_IRQHandler
                0x08004010                SPI2_IRQHandler
                0x08004010                DMA1_Channel5_IRQHandler
                0x08004010                EXTI4_IRQHandler
                0x08004010                USB_LP_CAN1_RX0_IRQHandler
                0x08004010                USB_HP_CAN1_TX_IRQHandler
                0x08004010                DMA1_Channel3_IRQHandler
                0x08004010                TIM1_UP_IRQHandler
                0x08004010                WWDG_IRQHandler
                0x08004010                TIM2_IRQHandler
                0x08004010                TIM1_BRK_IRQHandler
                0x08004010                EXTI1_IRQHandler
                0x08004010                USART2_IRQHandler
                0x08004010                I2C2_ER_IRQHandler
                0x08004010                DMA1_Channel2_IRQHandler
                0x08004010                CAN1_SCE_IRQHandler
                0x08004010                FLASH_IRQHandler
                0x08004010                I2C1_ER_IRQHandler
                0x08004010                USBWakeUp_IRQHandler
 *fill*         0x08004012        0x2 
 .text.__libc_init_array
                0x08004014       0x48 e:/clion/gcc-arm-none-eabi/10 2020-q4-major/bin/../lib/gcc/arm-none-eabi/10.2.1/../../../../arm-none-eabi/lib/thumb/v7-m/nofp\libc_nano.a(lib_a-init.o)
                0x08004014                __libc_init_array
 .text.memset   0x0800405c       0x10 e:/clion/gcc-arm-none-eabi/10 2020-q4-major/bin/../lib/gcc/arm-none-eabi/10.2.1/../../../../arm-none-eabi/lib/thumb/v7-m/nofp\libc_nano.a(lib_a-memset.o)
                0x0800405c                memset
 .text.printf   0x0800406c       0x30 e:/clion/gcc-arm-none-eabi/10 2020-q4-major/bin/../lib/gcc/arm-none-eabi/10.2.1/../../../../arm-none-eabi/lib/thumb/v7-m/nofp\libc_nano.a(lib_a-printf.o)
                0x0800406c                iprintf
                0x0800406c                printf
 .text.std      0x0800409c       0x48 e:/clion/gcc-arm-none-eabi/10 2020-q4-major/bin/../lib/gcc/arm-none-eabi/10.2.1/../../../../arm-none-eabi/lib/thumb/v7-m/nofp\libc_nano.a(lib_a-findfp.o)
 .text._cleanup_r
                0x080040e4        0xc e:/clion/gcc-arm-none-eabi/10 2020-q4-major/bin/../lib/gcc/arm-none-eabi/10.2.1/../../../../arm-none-eabi/lib/thumb/v7-m/nofp\libc_nano.a(lib_a-findfp.o)
                0x080040e4                _cleanup_r
 .text.__sfmoreglue
                0x080040f0       0x2c e:/clion/gcc-arm-none-eabi/10 2020-q4-major/bin/../lib/gcc/arm-none-eabi/10.2.1/../../../../arm-none-eabi/lib/thumb/v7-m/nofp\libc_nano.a(lib_a-findfp.o)
                0x080040f0                __sfmoreglue
 .text.__sfp_lock_acquire
                0x0800411c        0xc e:/clion/gcc-arm-none-eabi/10 2020-q4-major/bin/../lib/gcc/arm-none-eabi/10.2.1/../../../../arm-none-eabi/lib/thumb/v7-m/nofp\libc_nano.a(lib_a-findfp.o)
                0x0800411c                __sfp_lock_acquire
 .text.__sfp_lock_release
                0x08004128        0xc e:/clion/gcc-arm-none-eabi/10 2020-q4-major/bin/../lib/gcc/arm-none-eabi/10.2.1/../../../../arm-none-eabi/lib/thumb/v7-m/nofp\libc_nano.a(lib_a-findfp.o)
                0x08004128                __sfp_lock_release
 .text.__sinit_lock_acquire
                0x08004134        0xc e:/clion/gcc-arm-none-eabi/10 2020-q4-major/bin/../lib/gcc/arm-none-eabi/10.2.1/../../../../arm-none-eabi/lib/thumb/v7-m/nofp\libc_nano.a(lib_a-findfp.o)
                0x08004134                __sinit_lock_acquire
 .text.__sinit_lock_release
                0x08004140        0xc e:/clion/gcc-arm-none-eabi/10 2020-q4-major/bin/../lib/gcc/arm-none-eabi/10.2.1/../../../../arm-none-eabi/lib/thumb/v7-m/nofp\libc_nano.a(lib_a-findfp.o)
                0x08004140                __sinit_lock_release
 .text.__sinit  0x0800414c       0x70 e:/clion/gcc-arm-none-eabi/10 2020-q4-major/bin/../lib/gcc/arm-none-eabi/10.2.1/../../../../arm-none-eabi/lib/thumb/v7-m/nofp\libc_nano.a(lib_a-findfp.o)
                0x0800414c                __sinit
 .text.__sfp    0x080041bc       0x8c e:/clion/gcc-arm-none-eabi/10 2020-q4-major/bin/../lib/gcc/arm-none-eabi/10.2.1/../../../../arm-none-eabi/lib/thumb/v7-m/nofp\libc_nano.a(lib_a-findfp.o)
                0x080041bc                __sfp
 .text._fwalk_reent
                0x08004248       0x3e e:/clion/gcc-arm-none-eabi/10 2020-q4-major/bin/../lib/gcc/arm-none-eabi/10.2.1/../../../../arm-none-eabi/lib/thumb/v7-m/nofp\libc_nano.a(lib_a-fwalk.o)
                0x08004248                _fwalk_reent
 .text.__retarget_lock_init_recursive
                0x08004286        0x2 e:/clion/gcc-arm-none-eabi/10 2020-q4-major/bin/../lib/gcc/arm-none-eabi/10.2.1/../../../../arm-none-eabi/lib/thumb/v7-m/nofp\libc_nano.a(lib_a-lock.o)
                0x08004286                __retarget_lock_init_recursive
 .text.__retarget_lock_acquire_recursive
                0x08004288        0x2 e:/clion/gcc-arm-none-eabi/10 2020-q4-major/bin/../lib/gcc/arm-none-eabi/10.2.1/../../../../arm-none-eabi/lib/thumb/v7-m/nofp\libc_nano.a(lib_a-lock.o)
                0x08004288                __retarget_lock_acquire_recursive
 .text.__retarget_lock_release_recursive
                0x0800428a        0x2 e:/clion/gcc-arm-none-eabi/10 2020-q4-major/bin/../lib/gcc/arm-none-eabi/10.2.1/../../../../arm-none-eabi/lib/thumb/v7-m/nofp\libc_nano.a(lib_a-lock.o)
                0x0800428a                __retarget_lock_release_recursive
 .text._malloc_r
                0x0800428c       0xb4 e:/clion/gcc-arm-none-eabi/10 2020-q4-major/bin/../lib/gcc/arm-none-eabi/10.2.1/../../../../arm-none-eabi/lib/thumb/v7-m/nofp\libc_nano.a(lib_a-nano-mallocr.o)
                0x0800428c                _malloc_r
 .text.__sfputc_r
                0x08004340       0x2a e:/clion/gcc-arm-none-eabi/10 2020-q4-major/bin/../lib/gcc/arm-none-eabi/10.2.1/../../../../arm-none-eabi/lib/thumb/v7-m/nofp\libc_nano.a(lib_a-nano-vfprintf.o)
 .text.__sfputs_r
                0x0800436a       0x24 e:/clion/gcc-arm-none-eabi/10 2020-q4-major/bin/../lib/gcc/arm-none-eabi/10.2.1/../../../../arm-none-eabi/lib/thumb/v7-m/nofp\libc_nano.a(lib_a-nano-vfprintf.o)
                0x0800436a                __sfputs_r
 *fill*         0x0800438e        0x2 
 .text._vfprintf_r
                0x08004390      0x260 e:/clion/gcc-arm-none-eabi/10 2020-q4-major/bin/../lib/gcc/arm-none-eabi/10.2.1/../../../../arm-none-eabi/lib/thumb/v7-m/nofp\libc_nano.a(lib_a-nano-vfprintf.o)
                0x08004390                _vfprintf_r
                0x08004390                _vfiprintf_r
 .text._printf_common
                0x080045f0       0xde e:/clion/gcc-arm-none-eabi/10 2020-q4-major/bin/../lib/gcc/arm-none-eabi/10.2.1/../../../../arm-none-eabi/lib/thumb/v7-m/nofp\libc_nano.a(lib_a-nano-vfprintf_i.o)
                0x080045f0                _printf_common
 *fill*         0x080046ce        0x2 
 .text._printf_i
                0x080046d0      0x24c e:/clion/gcc-arm-none-eabi/10 2020-q4-major/bin/../lib/gcc/arm-none-eabi/10.2.1/../../../../arm-none-eabi/lib/thumb/v7-m/nofp\libc_nano.a(lib_a-nano-vfprintf_i.o)
                0x080046d0                _printf_i
 .text._sbrk_r  0x0800491c       0x20 e:/clion/gcc-arm-none-eabi/10 2020-q4-major/bin/../lib/gcc/arm-none-eabi/10.2.1/../../../../arm-none-eabi/lib/thumb/v7-m/nofp\libc_nano.a(lib_a-sbrkr.o)
                0x0800491c                _sbrk_r
 .text.__sread  0x0800493c       0x22 e:/clion/gcc-arm-none-eabi/10 2020-q4-major/bin/../lib/gcc/arm-none-eabi/10.2.1/../../../../arm-none-eabi/lib/thumb/v7-m/nofp\libc_nano.a(lib_a-stdio.o)
                0x0800493c                __sread
 .text.__swrite
                0x0800495e       0x38 e:/clion/gcc-arm-none-eabi/10 2020-q4-major/bin/../lib/gcc/arm-none-eabi/10.2.1/../../../../arm-none-eabi/lib/thumb/v7-m/nofp\libc_nano.a(lib_a-stdio.o)
                0x0800495e                __swrite
 .text.__sseek  0x08004996       0x24 e:/clion/gcc-arm-none-eabi/10 2020-q4-major/bin/../lib/gcc/arm-none-eabi/10.2.1/../../../../arm-none-eabi/lib/thumb/v7-m/nofp\libc_nano.a(lib_a-stdio.o)
                0x08004996                __sseek
 .text.__sclose
                0x080049ba        0x8 e:/clion/gcc-arm-none-eabi/10 2020-q4-major/bin/../lib/gcc/arm-none-eabi/10.2.1/../../../../arm-none-eabi/lib/thumb/v7-m/nofp\libc_nano.a(lib_a-stdio.o)
                0x080049ba                __sclose
 *fill*         0x080049c2        0x2 
 .text.__swbuf_r
                0x080049c4       0xa4 e:/clion/gcc-arm-none-eabi/10 2020-q4-major/bin/../lib/gcc/arm-none-eabi/10.2.1/../../../../arm-none-eabi/lib/thumb/v7-m/nofp\libc_nano.a(lib_a-wbuf.o)
                0x080049c4                __swbuf_r
 .text._write_r
                0x08004a68       0x24 e:/clion/gcc-arm-none-eabi/10 2020-q4-major/bin/../lib/gcc/arm-none-eabi/10.2.1/../../../../arm-none-eabi/lib/thumb/v7-m/nofp\libc_nano.a(lib_a-writer.o)
                0x08004a68                _write_r
 .text.__swsetup_r
                0x08004a8c       0xdc e:/clion/gcc-arm-none-eabi/10 2020-q4-major/bin/../lib/gcc/arm-none-eabi/10.2.1/../../../../arm-none-eabi/lib/thumb/v7-m/nofp\libc_nano.a(lib_a-wsetup.o)
                0x08004a8c                __swsetup_r
 .text._close_r
                0x08004b68       0x20 e:/clion/gcc-arm-none-eabi/10 2020-q4-major/bin/../lib/gcc/arm-none-eabi/10.2.1/../../../../arm-none-eabi/lib/thumb/v7-m/nofp\libc_nano.a(lib_a-closer.o)
                0x08004b68                _close_r
 .text.__sflush_r
                0x08004b88      0x104 e:/clion/gcc-arm-none-eabi/10 2020-q4-major/bin/../lib/gcc/arm-none-eabi/10.2.1/../../../../arm-none-eabi/lib/thumb/v7-m/nofp\libc_nano.a(lib_a-fflush.o)
                0x08004b88                __sflush_r
 .text._fflush_r
                0x08004c8c       0x78 e:/clion/gcc-arm-none-eabi/10 2020-q4-major/bin/../lib/gcc/arm-none-eabi/10.2.1/../../../../arm-none-eabi/lib/thumb/v7-m/nofp\libc_nano.a(lib_a-fflush.o)
                0x08004c8c                _fflush_r
 .text._lseek_r
                0x08004d04       0x24 e:/clion/gcc-arm-none-eabi/10 2020-q4-major/bin/../lib/gcc/arm-none-eabi/10.2.1/../../../../arm-none-eabi/lib/thumb/v7-m/nofp\libc_nano.a(lib_a-lseekr.o)
                0x08004d04                _lseek_r
 .text.__swhatbuf_r
                0x08004d28       0x4a e:/clion/gcc-arm-none-eabi/10 2020-q4-major/bin/../lib/gcc/arm-none-eabi/10.2.1/../../../../arm-none-eabi/lib/thumb/v7-m/nofp\libc_nano.a(lib_a-makebuf.o)
                0x08004d28                __swhatbuf_r
 *fill*         0x08004d72        0x2 
 .text.__smakebuf_r
                0x08004d74       0x80 e:/clion/gcc-arm-none-eabi/10 2020-q4-major/bin/../lib/gcc/arm-none-eabi/10.2.1/../../../../arm-none-eabi/lib/thumb/v7-m/nofp\libc_nano.a(lib_a-makebuf.o)
                0x08004d74                __smakebuf_r
 .text.memchr   0x08004df4       0x1c e:/clion/gcc-arm-none-eabi/10 2020-q4-major/bin/../lib/gcc/arm-none-eabi/10.2.1/../../../../arm-none-eabi/lib/thumb/v7-m/nofp\libc_nano.a(lib_a-memchr-stub.o)
                0x08004df4                memchr
 .text.__malloc_lock
                0x08004e10        0xc e:/clion/gcc-arm-none-eabi/10 2020-q4-major/bin/../lib/gcc/arm-none-eabi/10.2.1/../../../../arm-none-eabi/lib/thumb/v7-m/nofp\libc_nano.a(lib_a-mlock.o)
                0x08004e10                __malloc_lock
 .text.__malloc_unlock
                0x08004e1c        0xc e:/clion/gcc-arm-none-eabi/10 2020-q4-major/bin/../lib/gcc/arm-none-eabi/10.2.1/../../../../arm-none-eabi/lib/thumb/v7-m/nofp\libc_nano.a(lib_a-mlock.o)
                0x08004e1c                __malloc_unlock
 .text._free_r  0x08004e28       0x90 e:/clion/gcc-arm-none-eabi/10 2020-q4-major/bin/../lib/gcc/arm-none-eabi/10.2.1/../../../../arm-none-eabi/lib/thumb/v7-m/nofp\libc_nano.a(lib_a-nano-freer.o)
                0x08004e28                _free_r
 .text._read_r  0x08004eb8       0x24 e:/clion/gcc-arm-none-eabi/10 2020-q4-major/bin/../lib/gcc/arm-none-eabi/10.2.1/../../../../arm-none-eabi/lib/thumb/v7-m/nofp\libc_nano.a(lib_a-readr.o)
                0x08004eb8                _read_r
 .text._fstat_r
                0x08004edc       0x24 e:/clion/gcc-arm-none-eabi/10 2020-q4-major/bin/../lib/gcc/arm-none-eabi/10.2.1/../../../../arm-none-eabi/lib/thumb/v7-m/nofp\libc_nano.a(lib_a-fstatr.o)
                0x08004edc                _fstat_r
 .text._isatty_r
                0x08004f00       0x20 e:/clion/gcc-arm-none-eabi/10 2020-q4-major/bin/../lib/gcc/arm-none-eabi/10.2.1/../../../../arm-none-eabi/lib/thumb/v7-m/nofp\libc_nano.a(lib_a-isattyr.o)
                0x08004f00                _isatty_r
 .text.atan2    0x08004f20        0x4 e:/clion/gcc-arm-none-eabi/10 2020-q4-major/bin/../lib/gcc/arm-none-eabi/10.2.1/../../../../arm-none-eabi/lib/thumb/v7-m/nofp\libm.a(lib_a-w_atan2.o)
                0x08004f20                atan2
 *fill*         0x08004f24        0x4 
 .text.__ieee754_atan2
                0x08004f28      0x194 e:/clion/gcc-arm-none-eabi/10 2020-q4-major/bin/../lib/gcc/arm-none-eabi/10.2.1/../../../../arm-none-eabi/lib/thumb/v7-m/nofp\libm.a(lib_a-e_atan2.o)
                0x08004f28                __ieee754_atan2
 *fill*         0x080050bc        0x4 
 .text.atan     0x080050c0      0x31c e:/clion/gcc-arm-none-eabi/10 2020-q4-major/bin/../lib/gcc/arm-none-eabi/10.2.1/../../../../arm-none-eabi/lib/thumb/v7-m/nofp\libm.a(lib_a-s_atan.o)
                0x080050c0                atan
 .text.fabs     0x080053dc        0x8 e:/clion/gcc-arm-none-eabi/10 2020-q4-major/bin/../lib/gcc/arm-none-eabi/10.2.1/../../../../arm-none-eabi/lib/thumb/v7-m/nofp\libm.a(lib_a-s_fabs.o)
                0x080053dc                fabs
 .text._close   0x080053e4       0x10 e:/clion/gcc-arm-none-eabi/10 2020-q4-major/bin/../lib/gcc/arm-none-eabi/10.2.1/../../../../arm-none-eabi/lib/thumb/v7-m/nofp\libnosys.a(close.o)
                0x080053e4                _close
 .text._fstat   0x080053f4       0x10 e:/clion/gcc-arm-none-eabi/10 2020-q4-major/bin/../lib/gcc/arm-none-eabi/10.2.1/../../../../arm-none-eabi/lib/thumb/v7-m/nofp\libnosys.a(fstat.o)
                0x080053f4                _fstat
 .text._isatty  0x08005404       0x10 e:/clion/gcc-arm-none-eabi/10 2020-q4-major/bin/../lib/gcc/arm-none-eabi/10.2.1/../../../../arm-none-eabi/lib/thumb/v7-m/nofp\libnosys.a(isatty.o)
                0x08005404                _isatty
 .text._lseek   0x08005414       0x10 e:/clion/gcc-arm-none-eabi/10 2020-q4-major/bin/../lib/gcc/arm-none-eabi/10.2.1/../../../../arm-none-eabi/lib/thumb/v7-m/nofp\libnosys.a(lseek.o)
                0x08005414                _lseek
 .text._read    0x08005424       0x10 e:/clion/gcc-arm-none-eabi/10 2020-q4-major/bin/../lib/gcc/arm-none-eabi/10.2.1/../../../../arm-none-eabi/lib/thumb/v7-m/nofp\libnosys.a(read.o)
                0x08005424                _read
 .text._sbrk    0x08005434       0x1c e:/clion/gcc-arm-none-eabi/10 2020-q4-major/bin/../lib/gcc/arm-none-eabi/10.2.1/../../../../arm-none-eabi/lib/thumb/v7-m/nofp\libnosys.a(sbrk.o)
                0x08005434                _sbrk
 .text._write   0x08005450       0x10 e:/clion/gcc-arm-none-eabi/10 2020-q4-major/bin/../lib/gcc/arm-none-eabi/10.2.1/../../../../arm-none-eabi/lib/thumb/v7-m/nofp\libnosys.a(write.o)
                0x08005450                _write
 *(.glue_7)
 .glue_7        0x08005460        0x0 linker stubs
 *(.glue_7t)
 .glue_7t       0x08005460        0x0 linker stubs
 *(.eh_frame)
 .eh_frame      0x08005460        0x0 e:/clion/gcc-arm-none-eabi/10 2020-q4-major/bin/../lib/gcc/arm-none-eabi/10.2.1/thumb/v7-m/nofp/crtbegin.o
 *(.init)
 .init          0x08005460        0x4 e:/clion/gcc-arm-none-eabi/10 2020-q4-major/bin/../lib/gcc/arm-none-eabi/10.2.1/thumb/v7-m/nofp/crti.o
                0x08005460                _init
 .init          0x08005464        0x8 e:/clion/gcc-arm-none-eabi/10 2020-q4-major/bin/../lib/gcc/arm-none-eabi/10.2.1/thumb/v7-m/nofp/crtn.o
 *(.fini)
 .fini          0x0800546c        0x4 e:/clion/gcc-arm-none-eabi/10 2020-q4-major/bin/../lib/gcc/arm-none-eabi/10.2.1/thumb/v7-m/nofp/crti.o
                0x0800546c                _fini
 .fini          0x08005470        0x8 e:/clion/gcc-arm-none-eabi/10 2020-q4-major/bin/../lib/gcc/arm-none-eabi/10.2.1/thumb/v7-m/nofp/crtn.o
                0x08005478                . = ALIGN (0x4)
                0x08005478                _etext = .

.vfp11_veneer   0x08005478        0x0
 .vfp11_veneer  0x08005478        0x0 linker stubs

.v4_bx          0x08005478        0x0
 .v4_bx         0x08005478        0x0 linker stubs

.iplt           0x08005478        0x0
 .iplt          0x08005478        0x0 e:/clion/gcc-arm-none-eabi/10 2020-q4-major/bin/../lib/gcc/arm-none-eabi/10.2.1/thumb/v7-m/nofp/crtbegin.o

.rodata         0x08005478      0xbd8
                0x08005478                . = ALIGN (0x4)
 *(.rodata)
 *(.rodata*)
 .rodata.main.str1.4
                0x08005478        0x2 build/main.o
 *fill*         0x0800547a        0x2 
 .rodata.HAL_RCC_GetSysClockFreq.str1.4
                0x0800547c       0x11 build/stm32f1xx_hal_rcc.o
 *fill*         0x0800548d        0x3 
 .rodata.AHBPrescTable
                0x08005490       0x10 build/system_stm32f1xx.o
                0x08005490                AHBPrescTable
 .rodata.APBPrescTable
                0x080054a0        0x8 build/system_stm32f1xx.o
                0x080054a0                APBPrescTable
 .rodata.HAL_UART_RxCpltCallback.str1.4
                0x080054a8        0xd build/usart.o
 *fill*         0x080054b5        0x3 
 .rodata.MPU6050_testConnection.str1.4
                0x080054b8       0x20 build/mpu6050.o
 .rodata.oled_asc2_1206
                0x080054d8      0x474 build/oled.o
                0x080054d8                oled_asc2_1206
 .rodata.oled_asc2_1608
                0x0800594c      0x5f0 build/oled.o
                0x0800594c                oled_asc2_1608
 .rodata.oled_show.str1.4
                0x08005f3c        0x9 build/show.o
 *fill*         0x08005f45        0x3 
 .rodata._global_impure_ptr
                0x08005f48        0x4 e:/clion/gcc-arm-none-eabi/10 2020-q4-major/bin/../lib/gcc/arm-none-eabi/10.2.1/../../../../arm-none-eabi/lib/thumb/v7-m/nofp\libc_nano.a(lib_a-impure.o)
                0x08005f48                _global_impure_ptr
 .rodata.__sf_fake_stderr
                0x08005f4c       0x20 e:/clion/gcc-arm-none-eabi/10 2020-q4-major/bin/../lib/gcc/arm-none-eabi/10.2.1/../../../../arm-none-eabi/lib/thumb/v7-m/nofp\libc_nano.a(lib_a-findfp.o)
                0x08005f4c                __sf_fake_stderr
 .rodata.__sf_fake_stdin
                0x08005f6c       0x20 e:/clion/gcc-arm-none-eabi/10 2020-q4-major/bin/../lib/gcc/arm-none-eabi/10.2.1/../../../../arm-none-eabi/lib/thumb/v7-m/nofp\libc_nano.a(lib_a-findfp.o)
                0x08005f6c                __sf_fake_stdin
 .rodata.__sf_fake_stdout
                0x08005f8c       0x20 e:/clion/gcc-arm-none-eabi/10 2020-q4-major/bin/../lib/gcc/arm-none-eabi/10.2.1/../../../../arm-none-eabi/lib/thumb/v7-m/nofp\libc_nano.a(lib_a-findfp.o)
                0x08005f8c                __sf_fake_stdout
 .rodata._vfprintf_r.str1.1
                0x08005fac       0x11 e:/clion/gcc-arm-none-eabi/10 2020-q4-major/bin/../lib/gcc/arm-none-eabi/10.2.1/../../../../arm-none-eabi/lib/thumb/v7-m/nofp\libc_nano.a(lib_a-nano-vfprintf.o)
 .rodata._printf_i.str1.1
                0x08005fbd       0x22 e:/clion/gcc-arm-none-eabi/10 2020-q4-major/bin/../lib/gcc/arm-none-eabi/10.2.1/../../../../arm-none-eabi/lib/thumb/v7-m/nofp\libc_nano.a(lib_a-nano-vfprintf_i.o)
 *fill*         0x08005fdf        0x1 
 .rodata.CSWTCH.8
                0x08005fe0       0x18 e:/clion/gcc-arm-none-eabi/10 2020-q4-major/bin/../lib/gcc/arm-none-eabi/10.2.1/../../../../arm-none-eabi/lib/thumb/v7-m/nofp\libm.a(lib_a-e_atan2.o)
 .rodata.CSWTCH.9
                0x08005ff8       0x18 e:/clion/gcc-arm-none-eabi/10 2020-q4-major/bin/../lib/gcc/arm-none-eabi/10.2.1/../../../../arm-none-eabi/lib/thumb/v7-m/nofp\libm.a(lib_a-e_atan2.o)
 .rodata.atanhi
                0x08006010       0x20 e:/clion/gcc-arm-none-eabi/10 2020-q4-major/bin/../lib/gcc/arm-none-eabi/10.2.1/../../../../arm-none-eabi/lib/thumb/v7-m/nofp\libm.a(lib_a-s_atan.o)
 .rodata.atanlo
                0x08006030       0x20 e:/clion/gcc-arm-none-eabi/10 2020-q4-major/bin/../lib/gcc/arm-none-eabi/10.2.1/../../../../arm-none-eabi/lib/thumb/v7-m/nofp\libm.a(lib_a-s_atan.o)
                0x08006050                . = ALIGN (0x4)

.rel.dyn        0x08006050        0x0
 .rel.iplt      0x08006050        0x0 e:/clion/gcc-arm-none-eabi/10 2020-q4-major/bin/../lib/gcc/arm-none-eabi/10.2.1/thumb/v7-m/nofp/crtbegin.o

.ARM.extab
 *(.ARM.extab* .gnu.linkonce.armextab.*)

.ARM            0x08006050        0x0
                0x08006050                __exidx_start = .
 *(.ARM.exidx*)
                0x08006050                __exidx_end = .

.preinit_array  0x08006050        0x0
                0x08006050                PROVIDE (__preinit_array_start = .)
 *(.preinit_array*)
                0x08006050                PROVIDE (__preinit_array_end = .)

.init_array     0x08006050        0x4
                0x08006050                PROVIDE (__init_array_start = .)
 *(SORT_BY_NAME(.init_array.*))
 *(.init_array*)
 .init_array    0x08006050        0x4 e:/clion/gcc-arm-none-eabi/10 2020-q4-major/bin/../lib/gcc/arm-none-eabi/10.2.1/thumb/v7-m/nofp/crtbegin.o
                0x08006054                PROVIDE (__init_array_end = .)

.fini_array     0x08006054        0x4
                [!provide]                PROVIDE (__fini_array_start = .)
 *(SORT_BY_NAME(.fini_array.*))
 *(.fini_array*)
 .fini_array    0x08006054        0x4 e:/clion/gcc-arm-none-eabi/10 2020-q4-major/bin/../lib/gcc/arm-none-eabi/10.2.1/thumb/v7-m/nofp/crtbegin.o
                [!provide]                PROVIDE (__fini_array_end = .)
                0x08006058                _sidata = LOADADDR (.data)

.data           0x20000000      0x114 load address 0x08006058
                0x20000000                . = ALIGN (0x4)
                0x20000000                _sdata = .
 *(.data)
 *(.data*)
 .data.uwTickFreq
                0x20000000        0x1 build/stm32f1xx_hal.o
                0x20000000                uwTickFreq
 *fill*         0x20000001        0x3 
 .data.uwTickPrio
                0x20000004        0x4 build/stm32f1xx_hal.o
                0x20000004                uwTickPrio
 .data.SystemCoreClock
                0x20000008        0x4 build/system_stm32f1xx.o
                0x20000008                SystemCoreClock
 .data.sched_tasks
                0x2000000c       0x60 build/Scheduler.o
 .data.C_0_X    0x2000006c        0x1 build/filter.o
                0x2000006c                C_0_X
 .data.C_0_Y    0x2000006d        0x1 build/filter.o
                0x2000006d                C_0_Y
 *fill*         0x2000006e        0x2 
 .data.PP_X     0x20000070       0x10 build/filter.o
                0x20000070                PP_X
 .data.PP_Y     0x20000080       0x10 build/filter.o
                0x20000080                PP_Y
 .data.Q_angle_X
                0x20000090        0x4 build/filter.o
                0x20000090                Q_angle_X
 .data.Q_angle_Y
                0x20000094        0x4 build/filter.o
                0x20000094                Q_angle_Y
 .data.Q_gyro_X
                0x20000098        0x4 build/filter.o
                0x20000098                Q_gyro_X
 .data.Q_gyro_Y
                0x2000009c        0x4 build/filter.o
                0x2000009c                Q_gyro_Y
 .data.R_angle_X
                0x200000a0        0x4 build/filter.o
                0x200000a0                R_angle_X
 .data.R_angle_Y
                0x200000a4        0x4 build/filter.o
                0x200000a4                R_angle_Y
 .data.dt_X     0x200000a8        0x4 build/filter.o
                0x200000a8                dt_X
 .data.dt_Y     0x200000ac        0x4 build/filter.o
                0x200000ac                dt_Y
 .data._impure_ptr
                0x200000b0        0x4 e:/clion/gcc-arm-none-eabi/10 2020-q4-major/bin/../lib/gcc/arm-none-eabi/10.2.1/../../../../arm-none-eabi/lib/thumb/v7-m/nofp\libc_nano.a(lib_a-impure.o)
                0x200000b0                _impure_ptr
 .data.impure_data
                0x200000b4       0x60 e:/clion/gcc-arm-none-eabi/10 2020-q4-major/bin/../lib/gcc/arm-none-eabi/10.2.1/../../../../arm-none-eabi/lib/thumb/v7-m/nofp\libc_nano.a(lib_a-impure.o)
                0x20000114                . = ALIGN (0x4)
                0x20000114                _edata = .

.igot.plt       0x20000114        0x0 load address 0x0800616c
 .igot.plt      0x20000114        0x0 e:/clion/gcc-arm-none-eabi/10 2020-q4-major/bin/../lib/gcc/arm-none-eabi/10.2.1/thumb/v7-m/nofp/crtbegin.o
                0x20000114                . = ALIGN (0x4)

.bss            0x20000114      0x748 load address 0x0800616c
                0x20000114                _sbss = .
                0x20000114                __bss_start__ = _sbss
 *(.bss)
 .bss           0x20000114       0x1c e:/clion/gcc-arm-none-eabi/10 2020-q4-major/bin/../lib/gcc/arm-none-eabi/10.2.1/thumb/v7-m/nofp/crtbegin.o
 *(.bss*)
 .bss.uwTick    0x20000130        0x4 build/stm32f1xx_hal.o
                0x20000130                uwTick
 .bss.RxBuffer  0x20000134      0x100 build/usart.o
                0x20000134                RxBuffer
 .bss.Uart1_Rx_Cnt
                0x20000234        0x1 build/usart.o
                0x20000234                Uart1_Rx_Cnt
 .bss.aRxBuffer
                0x20000235        0x1 build/usart.o
                0x20000235                aRxBuffer
 *fill*         0x20000236        0x2 
 .bss.huart1    0x20000238       0x44 build/usart.o
                0x20000238                huart1
 .bss.huart3    0x2000027c       0x44 build/usart.o
                0x2000027c                huart3
 .bss.htim2     0x200002c0       0x48 build/tim.o
                0x200002c0                htim2
 .bss.htim3     0x20000308       0x48 build/tim.o
                0x20000308                htim3
 .bss.htim4     0x20000350       0x48 build/tim.o
                0x20000350                htim4
 .bss.buffer    0x20000398        0xe build/mpu6050.o
                0x20000398                buffer
 *fill*         0x200003a6        0x2 
 .bss.test_dT_1000hz
                0x200003a8        0xc build/Scheduler.o
                0x200003a8                test_dT_1000hz
 .bss.test_rT   0x200003b4       0x18 build/Scheduler.o
                0x200003b4                test_rT
 .bss.Angle_err_X
                0x200003cc        0x4 build/filter.o
                0x200003cc                Angle_err_X
 .bss.Angle_err_Y
                0x200003d0        0x4 build/filter.o
                0x200003d0                Angle_err_Y
 .bss.Dog_PIT   0x200003d4        0x2 build/filter.o
                0x200003d4                Dog_PIT
 .bss.Dog_ROL   0x200003d6        0x2 build/filter.o
                0x200003d6                Dog_ROL
 .bss.E_X       0x200003d8        0x4 build/filter.o
                0x200003d8                E_X
 .bss.E_Y       0x200003dc        0x4 build/filter.o
                0x200003dc                E_Y
 .bss.K_0_X     0x200003e0        0x4 build/filter.o
                0x200003e0                K_0_X
 .bss.K_0_Y     0x200003e4        0x4 build/filter.o
                0x200003e4                K_0_Y
 .bss.K_1_X     0x200003e8        0x4 build/filter.o
                0x200003e8                K_1_X
 .bss.K_1_Y     0x200003ec        0x4 build/filter.o
                0x200003ec                K_1_Y
 .bss.PCt_0_X   0x200003f0        0x4 build/filter.o
                0x200003f0                PCt_0_X
 .bss.PCt_0_Y   0x200003f4        0x4 build/filter.o
                0x200003f4                PCt_0_Y
 .bss.PCt_1_X   0x200003f8        0x4 build/filter.o
                0x200003f8                PCt_1_X
 .bss.PCt_1_Y   0x200003fc        0x4 build/filter.o
                0x200003fc                PCt_1_Y
 .bss.Pdot_X    0x20000400       0x10 build/filter.o
                0x20000400                Pdot_X
 .bss.Pdot_Y    0x20000410       0x10 build/filter.o
                0x20000410                Pdot_Y
 .bss.Q_bias_X  0x20000420        0x4 build/filter.o
                0x20000420                Q_bias_X
 .bss.Q_bias_Y  0x20000424        0x4 build/filter.o
                0x20000424                Q_bias_Y
 .bss.angle_X   0x20000428        0x4 build/filter.o
                0x20000428                angle_X
 .bss.angle_Y   0x2000042c        0x4 build/filter.o
                0x2000042c                angle_Y
 .bss.angle_dot_X
                0x20000430        0x4 build/filter.o
                0x20000430                angle_dot_X
 .bss.angle_dot_Y
                0x20000434        0x4 build/filter.o
                0x20000434                angle_dot_Y
 .bss.t_0_X     0x20000438        0x4 build/filter.o
                0x20000438                t_0_X
 .bss.t_0_Y     0x2000043c        0x4 build/filter.o
                0x2000043c                t_0_Y
 .bss.t_1_X     0x20000440        0x4 build/filter.o
                0x20000440                t_1_X
 .bss.t_1_Y     0x20000444        0x4 build/filter.o
                0x20000444                t_1_Y
 .bss.OLED_GRAM
                0x20000448      0x400 build/oled.o
                0x20000448                OLED_GRAM
 .bss.__lock___malloc_recursive_mutex
                0x20000848        0x1 e:/clion/gcc-arm-none-eabi/10 2020-q4-major/bin/../lib/gcc/arm-none-eabi/10.2.1/../../../../arm-none-eabi/lib/thumb/v7-m/nofp\libc_nano.a(lib_a-lock.o)
                0x20000848                __lock___malloc_recursive_mutex
 .bss.__lock___sfp_recursive_mutex
                0x20000849        0x1 e:/clion/gcc-arm-none-eabi/10 2020-q4-major/bin/../lib/gcc/arm-none-eabi/10.2.1/../../../../arm-none-eabi/lib/thumb/v7-m/nofp\libc_nano.a(lib_a-lock.o)
                0x20000849                __lock___sfp_recursive_mutex
 .bss.__lock___sinit_recursive_mutex
                0x2000084a        0x1 e:/clion/gcc-arm-none-eabi/10 2020-q4-major/bin/../lib/gcc/arm-none-eabi/10.2.1/../../../../arm-none-eabi/lib/thumb/v7-m/nofp\libc_nano.a(lib_a-lock.o)
                0x2000084a                __lock___sinit_recursive_mutex
 *fill*         0x2000084b        0x1 
 .bss.__malloc_free_list
                0x2000084c        0x4 e:/clion/gcc-arm-none-eabi/10 2020-q4-major/bin/../lib/gcc/arm-none-eabi/10.2.1/../../../../arm-none-eabi/lib/thumb/v7-m/nofp\libc_nano.a(lib_a-nano-mallocr.o)
                0x2000084c                __malloc_free_list
 .bss.__malloc_sbrk_start
                0x20000850        0x4 e:/clion/gcc-arm-none-eabi/10 2020-q4-major/bin/../lib/gcc/arm-none-eabi/10.2.1/../../../../arm-none-eabi/lib/thumb/v7-m/nofp\libc_nano.a(lib_a-nano-mallocr.o)
                0x20000850                __malloc_sbrk_start
 .bss.errno     0x20000854        0x4 e:/clion/gcc-arm-none-eabi/10 2020-q4-major/bin/../lib/gcc/arm-none-eabi/10.2.1/../../../../arm-none-eabi/lib/thumb/v7-m/nofp\libc_nano.a(lib_a-reent.o)
                0x20000854                errno
 .bss.heap_end.0
                0x20000858        0x4 e:/clion/gcc-arm-none-eabi/10 2020-q4-major/bin/../lib/gcc/arm-none-eabi/10.2.1/../../../../arm-none-eabi/lib/thumb/v7-m/nofp\libnosys.a(sbrk.o)
 *(COMMON)
                0x2000085c                . = ALIGN (0x4)
                0x2000085c                _ebss = .
                0x2000085c                __bss_end__ = _ebss

._user_heap_stack
                0x2000085c      0x604 load address 0x0800616c
                0x20000860                . = ALIGN (0x8)
 *fill*         0x2000085c        0x4 
                0x20000860                PROVIDE (end = .)
                [!provide]                PROVIDE (_end = .)
                0x20000a60                . = (. + _Min_Heap_Size)
 *fill*         0x20000860      0x200 
                0x20000e60                . = (. + _Min_Stack_Size)
 *fill*         0x20000a60      0x400 
                0x20000e60                . = ALIGN (0x8)

/DISCARD/
 libc.a(*)
 libm.a(*)
 libgcc.a(*)

.ARM.attributes
                0x00000000       0x29
 *(.ARM.attributes)
 .ARM.attributes
                0x00000000       0x1d e:/clion/gcc-arm-none-eabi/10 2020-q4-major/bin/../lib/gcc/arm-none-eabi/10.2.1/thumb/v7-m/nofp/crti.o
 .ARM.attributes
                0x0000001d       0x2d e:/clion/gcc-arm-none-eabi/10 2020-q4-major/bin/../lib/gcc/arm-none-eabi/10.2.1/thumb/v7-m/nofp/crtbegin.o
 .ARM.attributes
                0x0000004a       0x2d build/main.o
 .ARM.attributes
                0x00000077       0x2d build/stm32f1xx_it.o
 .ARM.attributes
                0x000000a4       0x2d build/stm32f1xx_hal_msp.o
 .ARM.attributes
                0x000000d1       0x2d build/stm32f1xx_hal_tim.o
 .ARM.attributes
                0x000000fe       0x2d build/stm32f1xx_hal_tim_ex.o
 .ARM.attributes
                0x0000012b       0x2d build/stm32f1xx_hal_uart.o
 .ARM.attributes
                0x00000158       0x2d build/stm32f1xx_hal.o
 .ARM.attributes
                0x00000185       0x2d build/stm32f1xx_hal_rcc.o
 .ARM.attributes
                0x000001b2       0x2d build/stm32f1xx_hal_gpio.o
 .ARM.attributes
                0x000001df       0x2d build/stm32f1xx_hal_dma.o
 .ARM.attributes
                0x0000020c       0x2d build/stm32f1xx_hal_cortex.o
 .ARM.attributes
                0x00000239       0x2d build/system_stm32f1xx.o
 .ARM.attributes
                0x00000266       0x2d build/gpio.o
 .ARM.attributes
                0x00000293       0x2d build/usart.o
 .ARM.attributes
                0x000002c0       0x2d build/tim.o
 .ARM.attributes
                0x000002ed       0x2d build/servo.o
 .ARM.attributes
                0x0000031a       0x2d build/mpu6050.o
 .ARM.attributes
                0x00000347       0x2d build/Scheduler.o
 .ARM.attributes
                0x00000374       0x2d build/filter.o
 .ARM.attributes
                0x000003a1       0x2d build/oled.o
 .ARM.attributes
                0x000003ce       0x2d build/show.o
 .ARM.attributes
                0x000003fb       0x21 build/startup_stm32f103xb.o
 .ARM.attributes
                0x0000041c       0x2d e:/clion/gcc-arm-none-eabi/10 2020-q4-major/bin/../lib/gcc/arm-none-eabi/10.2.1/../../../../arm-none-eabi/lib/thumb/v7-m/nofp\libc_nano.a(lib_a-impure.o)
 .ARM.attributes
                0x00000449       0x2d e:/clion/gcc-arm-none-eabi/10 2020-q4-major/bin/../lib/gcc/arm-none-eabi/10.2.1/../../../../arm-none-eabi/lib/thumb/v7-m/nofp\libc_nano.a(lib_a-init.o)
 .ARM.attributes
                0x00000476       0x2d e:/clion/gcc-arm-none-eabi/10 2020-q4-major/bin/../lib/gcc/arm-none-eabi/10.2.1/../../../../arm-none-eabi/lib/thumb/v7-m/nofp\libc_nano.a(lib_a-memset.o)
 .ARM.attributes
                0x000004a3       0x2d e:/clion/gcc-arm-none-eabi/10 2020-q4-major/bin/../lib/gcc/arm-none-eabi/10.2.1/../../../../arm-none-eabi/lib/thumb/v7-m/nofp\libc_nano.a(lib_a-printf.o)
 .ARM.attributes
                0x000004d0       0x2d e:/clion/gcc-arm-none-eabi/10 2020-q4-major/bin/../lib/gcc/arm-none-eabi/10.2.1/../../../../arm-none-eabi/lib/thumb/v7-m/nofp\libc_nano.a(lib_a-findfp.o)
 .ARM.attributes
                0x000004fd       0x2d e:/clion/gcc-arm-none-eabi/10 2020-q4-major/bin/../lib/gcc/arm-none-eabi/10.2.1/../../../../arm-none-eabi/lib/thumb/v7-m/nofp\libc_nano.a(lib_a-fwalk.o)
 .ARM.attributes
                0x0000052a       0x2d e:/clion/gcc-arm-none-eabi/10 2020-q4-major/bin/../lib/gcc/arm-none-eabi/10.2.1/../../../../arm-none-eabi/lib/thumb/v7-m/nofp\libc_nano.a(lib_a-lock.o)
 .ARM.attributes
                0x00000557       0x2d e:/clion/gcc-arm-none-eabi/10 2020-q4-major/bin/../lib/gcc/arm-none-eabi/10.2.1/../../../../arm-none-eabi/lib/thumb/v7-m/nofp\libc_nano.a(lib_a-nano-mallocr.o)
 .ARM.attributes
                0x00000584       0x2d e:/clion/gcc-arm-none-eabi/10 2020-q4-major/bin/../lib/gcc/arm-none-eabi/10.2.1/../../../../arm-none-eabi/lib/thumb/v7-m/nofp\libc_nano.a(lib_a-nano-vfprintf.o)
 .ARM.attributes
                0x000005b1       0x2d e:/clion/gcc-arm-none-eabi/10 2020-q4-major/bin/../lib/gcc/arm-none-eabi/10.2.1/../../../../arm-none-eabi/lib/thumb/v7-m/nofp\libc_nano.a(lib_a-nano-vfprintf_i.o)
 .ARM.attributes
                0x000005de       0x2d e:/clion/gcc-arm-none-eabi/10 2020-q4-major/bin/../lib/gcc/arm-none-eabi/10.2.1/../../../../arm-none-eabi/lib/thumb/v7-m/nofp\libc_nano.a(lib_a-sbrkr.o)
 .ARM.attributes
                0x0000060b       0x2d e:/clion/gcc-arm-none-eabi/10 2020-q4-major/bin/../lib/gcc/arm-none-eabi/10.2.1/../../../../arm-none-eabi/lib/thumb/v7-m/nofp\libc_nano.a(lib_a-stdio.o)
 .ARM.attributes
                0x00000638       0x2d e:/clion/gcc-arm-none-eabi/10 2020-q4-major/bin/../lib/gcc/arm-none-eabi/10.2.1/../../../../arm-none-eabi/lib/thumb/v7-m/nofp\libc_nano.a(lib_a-wbuf.o)
 .ARM.attributes
                0x00000665       0x2d e:/clion/gcc-arm-none-eabi/10 2020-q4-major/bin/../lib/gcc/arm-none-eabi/10.2.1/../../../../arm-none-eabi/lib/thumb/v7-m/nofp\libc_nano.a(lib_a-writer.o)
 .ARM.attributes
                0x00000692       0x2d e:/clion/gcc-arm-none-eabi/10 2020-q4-major/bin/../lib/gcc/arm-none-eabi/10.2.1/../../../../arm-none-eabi/lib/thumb/v7-m/nofp\libc_nano.a(lib_a-wsetup.o)
 .ARM.attributes
                0x000006bf       0x2d e:/clion/gcc-arm-none-eabi/10 2020-q4-major/bin/../lib/gcc/arm-none-eabi/10.2.1/../../../../arm-none-eabi/lib/thumb/v7-m/nofp\libc_nano.a(lib_a-closer.o)
 .ARM.attributes
                0x000006ec       0x2d e:/clion/gcc-arm-none-eabi/10 2020-q4-major/bin/../lib/gcc/arm-none-eabi/10.2.1/../../../../arm-none-eabi/lib/thumb/v7-m/nofp\libc_nano.a(lib_a-fflush.o)
 .ARM.attributes
                0x00000719       0x2d e:/clion/gcc-arm-none-eabi/10 2020-q4-major/bin/../lib/gcc/arm-none-eabi/10.2.1/../../../../arm-none-eabi/lib/thumb/v7-m/nofp\libc_nano.a(lib_a-lseekr.o)
 .ARM.attributes
                0x00000746       0x2d e:/clion/gcc-arm-none-eabi/10 2020-q4-major/bin/../lib/gcc/arm-none-eabi/10.2.1/../../../../arm-none-eabi/lib/thumb/v7-m/nofp\libc_nano.a(lib_a-makebuf.o)
 .ARM.attributes
                0x00000773       0x2d e:/clion/gcc-arm-none-eabi/10 2020-q4-major/bin/../lib/gcc/arm-none-eabi/10.2.1/../../../../arm-none-eabi/lib/thumb/v7-m/nofp\libc_nano.a(lib_a-memchr-stub.o)
 .ARM.attributes
                0x000007a0       0x2d e:/clion/gcc-arm-none-eabi/10 2020-q4-major/bin/../lib/gcc/arm-none-eabi/10.2.1/../../../../arm-none-eabi/lib/thumb/v7-m/nofp\libc_nano.a(lib_a-mlock.o)
 .ARM.attributes
                0x000007cd       0x2d e:/clion/gcc-arm-none-eabi/10 2020-q4-major/bin/../lib/gcc/arm-none-eabi/10.2.1/../../../../arm-none-eabi/lib/thumb/v7-m/nofp\libc_nano.a(lib_a-nano-freer.o)
 .ARM.attributes
                0x000007fa       0x2d e:/clion/gcc-arm-none-eabi/10 2020-q4-major/bin/../lib/gcc/arm-none-eabi/10.2.1/../../../../arm-none-eabi/lib/thumb/v7-m/nofp\libc_nano.a(lib_a-readr.o)
 .ARM.attributes
                0x00000827       0x2d e:/clion/gcc-arm-none-eabi/10 2020-q4-major/bin/../lib/gcc/arm-none-eabi/10.2.1/../../../../arm-none-eabi/lib/thumb/v7-m/nofp\libc_nano.a(lib_a-reent.o)
 .ARM.attributes
                0x00000854       0x2d e:/clion/gcc-arm-none-eabi/10 2020-q4-major/bin/../lib/gcc/arm-none-eabi/10.2.1/../../../../arm-none-eabi/lib/thumb/v7-m/nofp\libc_nano.a(lib_a-fstatr.o)
 .ARM.attributes
                0x00000881       0x2d e:/clion/gcc-arm-none-eabi/10 2020-q4-major/bin/../lib/gcc/arm-none-eabi/10.2.1/../../../../arm-none-eabi/lib/thumb/v7-m/nofp\libc_nano.a(lib_a-isattyr.o)
 .ARM.attributes
                0x000008ae       0x2d e:/clion/gcc-arm-none-eabi/10 2020-q4-major/bin/../lib/gcc/arm-none-eabi/10.2.1/../../../../arm-none-eabi/lib/thumb/v7-m/nofp\libm.a(lib_a-w_atan2.o)
 .ARM.attributes
                0x000008db       0x2d e:/clion/gcc-arm-none-eabi/10 2020-q4-major/bin/../lib/gcc/arm-none-eabi/10.2.1/../../../../arm-none-eabi/lib/thumb/v7-m/nofp\libm.a(lib_a-e_atan2.o)
 .ARM.attributes
                0x00000908       0x2d e:/clion/gcc-arm-none-eabi/10 2020-q4-major/bin/../lib/gcc/arm-none-eabi/10.2.1/../../../../arm-none-eabi/lib/thumb/v7-m/nofp\libm.a(lib_a-s_atan.o)
 .ARM.attributes
                0x00000935       0x2d e:/clion/gcc-arm-none-eabi/10 2020-q4-major/bin/../lib/gcc/arm-none-eabi/10.2.1/../../../../arm-none-eabi/lib/thumb/v7-m/nofp\libm.a(lib_a-s_fabs.o)
 .ARM.attributes
                0x00000962       0x2d e:/clion/gcc-arm-none-eabi/10 2020-q4-major/bin/../lib/gcc/arm-none-eabi/10.2.1/../../../../arm-none-eabi/lib/thumb/v7-m/nofp\libnosys.a(close.o)
 .ARM.attributes
                0x0000098f       0x2d e:/clion/gcc-arm-none-eabi/10 2020-q4-major/bin/../lib/gcc/arm-none-eabi/10.2.1/../../../../arm-none-eabi/lib/thumb/v7-m/nofp\libnosys.a(fstat.o)
 .ARM.attributes
                0x000009bc       0x2d e:/clion/gcc-arm-none-eabi/10 2020-q4-major/bin/../lib/gcc/arm-none-eabi/10.2.1/../../../../arm-none-eabi/lib/thumb/v7-m/nofp\libnosys.a(isatty.o)
 .ARM.attributes
                0x000009e9       0x2d e:/clion/gcc-arm-none-eabi/10 2020-q4-major/bin/../lib/gcc/arm-none-eabi/10.2.1/../../../../arm-none-eabi/lib/thumb/v7-m/nofp\libnosys.a(lseek.o)
 .ARM.attributes
                0x00000a16       0x2d e:/clion/gcc-arm-none-eabi/10 2020-q4-major/bin/../lib/gcc/arm-none-eabi/10.2.1/../../../../arm-none-eabi/lib/thumb/v7-m/nofp\libnosys.a(read.o)
 .ARM.attributes
                0x00000a43       0x2d e:/clion/gcc-arm-none-eabi/10 2020-q4-major/bin/../lib/gcc/arm-none-eabi/10.2.1/../../../../arm-none-eabi/lib/thumb/v7-m/nofp\libnosys.a(sbrk.o)
 .ARM.attributes
                0x00000a70       0x2d e:/clion/gcc-arm-none-eabi/10 2020-q4-major/bin/../lib/gcc/arm-none-eabi/10.2.1/../../../../arm-none-eabi/lib/thumb/v7-m/nofp\libnosys.a(write.o)
 .ARM.attributes
                0x00000a9d       0x1d e:/clion/gcc-arm-none-eabi/10 2020-q4-major/bin/../lib/gcc/arm-none-eabi/10.2.1/thumb/v7-m/nofp\libgcc.a(_arm_addsubdf3.o)
 .ARM.attributes
                0x00000aba       0x1d e:/clion/gcc-arm-none-eabi/10 2020-q4-major/bin/../lib/gcc/arm-none-eabi/10.2.1/thumb/v7-m/nofp\libgcc.a(_arm_muldivdf3.o)
 .ARM.attributes
                0x00000ad7       0x1d e:/clion/gcc-arm-none-eabi/10 2020-q4-major/bin/../lib/gcc/arm-none-eabi/10.2.1/thumb/v7-m/nofp\libgcc.a(_arm_cmpdf2.o)
 .ARM.attributes
                0x00000af4       0x1d e:/clion/gcc-arm-none-eabi/10 2020-q4-major/bin/../lib/gcc/arm-none-eabi/10.2.1/thumb/v7-m/nofp\libgcc.a(_arm_truncdfsf2.o)
 .ARM.attributes
                0x00000b11       0x1d e:/clion/gcc-arm-none-eabi/10 2020-q4-major/bin/../lib/gcc/arm-none-eabi/10.2.1/thumb/v7-m/nofp\libgcc.a(_arm_addsubsf3.o)
 .ARM.attributes
                0x00000b2e       0x1d e:/clion/gcc-arm-none-eabi/10 2020-q4-major/bin/../lib/gcc/arm-none-eabi/10.2.1/thumb/v7-m/nofp\libgcc.a(_arm_muldivsf3.o)
 .ARM.attributes
                0x00000b4b       0x1d e:/clion/gcc-arm-none-eabi/10 2020-q4-major/bin/../lib/gcc/arm-none-eabi/10.2.1/thumb/v7-m/nofp\libgcc.a(_arm_cmpsf2.o)
 .ARM.attributes
                0x00000b68       0x1d e:/clion/gcc-arm-none-eabi/10 2020-q4-major/bin/../lib/gcc/arm-none-eabi/10.2.1/thumb/v7-m/nofp\libgcc.a(_arm_fixsfsi.o)
 .ARM.attributes
                0x00000b85       0x1d e:/clion/gcc-arm-none-eabi/10 2020-q4-major/bin/../lib/gcc/arm-none-eabi/10.2.1/thumb/v7-m/nofp/crtn.o
OUTPUT(build/USART.elf elf32-littlearm)
LOAD linker stubs
LOAD e:/clion/gcc-arm-none-eabi/10 2020-q4-major/bin/../lib/gcc/arm-none-eabi/10.2.1/../../../../arm-none-eabi/lib/thumb/v7-m/nofp\libc.a
LOAD e:/clion/gcc-arm-none-eabi/10 2020-q4-major/bin/../lib/gcc/arm-none-eabi/10.2.1/../../../../arm-none-eabi/lib/thumb/v7-m/nofp\libm.a
LOAD e:/clion/gcc-arm-none-eabi/10 2020-q4-major/bin/../lib/gcc/arm-none-eabi/10.2.1/thumb/v7-m/nofp\libgcc.a

.debug_info     0x00000000    0x113dc
 .debug_info    0x00000000      0x938 build/main.o
 .debug_info    0x00000938      0x6f9 build/stm32f1xx_it.o
 .debug_info    0x00001031      0x265 build/stm32f1xx_hal_msp.o
 .debug_info    0x00001296     0x3df8 build/stm32f1xx_hal_tim.o
 .debug_info    0x0000508e     0x1b67 build/stm32f1xx_hal_tim_ex.o
 .debug_info    0x00006bf5     0x1e12 build/stm32f1xx_hal_uart.o
 .debug_info    0x00008a07      0x855 build/stm32f1xx_hal.o
 .debug_info    0x0000925c      0xaec build/stm32f1xx_hal_rcc.o
 .debug_info    0x00009d48      0x6d7 build/stm32f1xx_hal_gpio.o
 .debug_info    0x0000a41f      0x8bb build/stm32f1xx_hal_dma.o
 .debug_info    0x0000acda      0xe2d build/stm32f1xx_hal_cortex.o
 .debug_info    0x0000bb07      0x26e build/system_stm32f1xx.o
 .debug_info    0x0000bd75      0x36e build/gpio.o
 .debug_info    0x0000c0e3      0xd4c build/usart.o
 .debug_info    0x0000ce2f     0x11d0 build/tim.o
 .debug_info    0x0000dfff      0x9da build/servo.o
 .debug_info    0x0000e9d9      0xe2b build/mpu6050.o
 .debug_info    0x0000f804      0x33d build/Scheduler.o
 .debug_info    0x0000fb41      0xdef build/filter.o
 .debug_info    0x00010930      0x9aa build/oled.o
 .debug_info    0x000112da       0xe0 build/show.o
 .debug_info    0x000113ba       0x22 build/startup_stm32f103xb.o

.debug_abbrev   0x00000000     0x2857
 .debug_abbrev  0x00000000      0x1d0 build/main.o
 .debug_abbrev  0x000001d0      0x157 build/stm32f1xx_it.o
 .debug_abbrev  0x00000327      0x10b build/stm32f1xx_hal_msp.o
 .debug_abbrev  0x00000432      0x296 build/stm32f1xx_hal_tim.o
 .debug_abbrev  0x000006c8      0x298 build/stm32f1xx_hal_tim_ex.o
 .debug_abbrev  0x00000960      0x2ab build/stm32f1xx_hal_uart.o
 .debug_abbrev  0x00000c0b      0x1f7 build/stm32f1xx_hal.o
 .debug_abbrev  0x00000e02      0x29a build/stm32f1xx_hal_rcc.o
 .debug_abbrev  0x0000109c      0x222 build/stm32f1xx_hal_gpio.o
 .debug_abbrev  0x000012be      0x244 build/stm32f1xx_hal_dma.o
 .debug_abbrev  0x00001502      0x359 build/stm32f1xx_hal_cortex.o
 .debug_abbrev  0x0000185b      0x140 build/system_stm32f1xx.o
 .debug_abbrev  0x0000199b      0x13f build/gpio.o
 .debug_abbrev  0x00001ada      0x205 build/usart.o
 .debug_abbrev  0x00001cdf      0x2a3 build/tim.o
 .debug_abbrev  0x00001f82      0x1d0 build/servo.o
 .debug_abbrev  0x00002152      0x255 build/mpu6050.o
 .debug_abbrev  0x000023a7      0x15b build/Scheduler.o
 .debug_abbrev  0x00002502      0x14c build/filter.o
 .debug_abbrev  0x0000264e      0x177 build/oled.o
 .debug_abbrev  0x000027c5       0x80 build/show.o
 .debug_abbrev  0x00002845       0x12 build/startup_stm32f103xb.o

.debug_loc      0x00000000     0xda2c
 .debug_loc     0x00000000       0x59 build/main.o
 .debug_loc     0x00000059       0x60 build/stm32f1xx_it.o
 .debug_loc     0x000000b9       0x4d build/stm32f1xx_hal_msp.o
 .debug_loc     0x00000106     0x530c build/stm32f1xx_hal_tim.o
 .debug_loc     0x00005412     0x1f3e build/stm32f1xx_hal_tim_ex.o
 .debug_loc     0x00007350     0x267b build/stm32f1xx_hal_uart.o
 .debug_loc     0x000099cb      0x1e1 build/stm32f1xx_hal.o
 .debug_loc     0x00009bac      0x7ee build/stm32f1xx_hal_rcc.o
 .debug_loc     0x0000a39a      0x551 build/stm32f1xx_hal_gpio.o
 .debug_loc     0x0000a8eb      0x901 build/stm32f1xx_hal_dma.o
 .debug_loc     0x0000b1ec      0x77f build/stm32f1xx_hal_cortex.o
 .debug_loc     0x0000b96b       0xff build/system_stm32f1xx.o
 .debug_loc     0x0000ba6a       0x38 build/gpio.o
 .debug_loc     0x0000baa2      0x1c4 build/usart.o
 .debug_loc     0x0000bc66      0x285 build/tim.o
 .debug_loc     0x0000beeb      0x33d build/servo.o
 .debug_loc     0x0000c228      0xb9c build/mpu6050.o
 .debug_loc     0x0000cdc4      0x115 build/Scheduler.o
 .debug_loc     0x0000ced9      0x3d5 build/filter.o
 .debug_loc     0x0000d2ae      0x75e build/oled.o
 .debug_loc     0x0000da0c       0x20 build/show.o

.debug_aranges  0x00000000      0xe18
 .debug_aranges
                0x00000000       0x30 build/main.o
 .debug_aranges
                0x00000030       0x70 build/stm32f1xx_it.o
 .debug_aranges
                0x000000a0       0x20 build/stm32f1xx_hal_msp.o
 .debug_aranges
                0x000000c0      0x3d0 build/stm32f1xx_hal_tim.o
 .debug_aranges
                0x00000490      0x168 build/stm32f1xx_hal_tim_ex.o
 .debug_aranges
                0x000005f8      0x200 build/stm32f1xx_hal_uart.o
 .debug_aranges
                0x000007f8       0xe0 build/stm32f1xx_hal.o
 .debug_aranges
                0x000008d8       0x90 build/stm32f1xx_hal_rcc.o
 .debug_aranges
                0x00000968       0x58 build/stm32f1xx_hal_gpio.o
 .debug_aranges
                0x000009c0       0x80 build/stm32f1xx_hal_dma.o
 .debug_aranges
                0x00000a40       0x90 build/stm32f1xx_hal_cortex.o
 .debug_aranges
                0x00000ad0       0x28 build/system_stm32f1xx.o
 .debug_aranges
                0x00000af8       0x20 build/gpio.o
 .debug_aranges
                0x00000b18       0x40 build/usart.o
 .debug_aranges
                0x00000b58       0x58 build/tim.o
 .debug_aranges
                0x00000bb0       0x28 build/servo.o
 .debug_aranges
                0x00000bd8       0xf0 build/mpu6050.o
 .debug_aranges
                0x00000cc8       0x68 build/Scheduler.o
 .debug_aranges
                0x00000d30       0x38 build/filter.o
 .debug_aranges
                0x00000d68       0x68 build/oled.o
 .debug_aranges
                0x00000dd0       0x20 build/show.o
 .debug_aranges
                0x00000df0       0x28 build/startup_stm32f103xb.o

.debug_ranges   0x00000000      0xd40
 .debug_ranges  0x00000000       0x20 build/main.o
 .debug_ranges  0x00000020       0x60 build/stm32f1xx_it.o
 .debug_ranges  0x00000080       0x10 build/stm32f1xx_hal_msp.o
 .debug_ranges  0x00000090      0x3c0 build/stm32f1xx_hal_tim.o
 .debug_ranges  0x00000450      0x158 build/stm32f1xx_hal_tim_ex.o
 .debug_ranges  0x000005a8      0x1f0 build/stm32f1xx_hal_uart.o
 .debug_ranges  0x00000798       0xd0 build/stm32f1xx_hal.o
 .debug_ranges  0x00000868       0xa0 build/stm32f1xx_hal_rcc.o
 .debug_ranges  0x00000908       0x48 build/stm32f1xx_hal_gpio.o
 .debug_ranges  0x00000950       0x70 build/stm32f1xx_hal_dma.o
 .debug_ranges  0x000009c0       0xe0 build/stm32f1xx_hal_cortex.o
 .debug_ranges  0x00000aa0       0x18 build/system_stm32f1xx.o
 .debug_ranges  0x00000ab8       0x10 build/gpio.o
 .debug_ranges  0x00000ac8       0x30 build/usart.o
 .debug_ranges  0x00000af8       0x48 build/tim.o
 .debug_ranges  0x00000b40       0x18 build/servo.o
 .debug_ranges  0x00000b58       0xe0 build/mpu6050.o
 .debug_ranges  0x00000c38       0x58 build/Scheduler.o
 .debug_ranges  0x00000c90       0x28 build/filter.o
 .debug_ranges  0x00000cb8       0x58 build/oled.o
 .debug_ranges  0x00000d10       0x10 build/show.o
 .debug_ranges  0x00000d20       0x20 build/startup_stm32f103xb.o

.debug_line     0x00000000     0xdd63
 .debug_line    0x00000000      0x303 build/main.o
 .debug_line    0x00000303      0x2c9 build/stm32f1xx_it.o
 .debug_line    0x000005cc      0x18f build/stm32f1xx_hal_msp.o
 .debug_line    0x0000075b     0x4636 build/stm32f1xx_hal_tim.o
 .debug_line    0x00004d91     0x1b34 build/stm32f1xx_hal_tim_ex.o
 .debug_line    0x000068c5     0x2091 build/stm32f1xx_hal_uart.o
 .debug_line    0x00008956      0x504 build/stm32f1xx_hal.o
 .debug_line    0x00008e5a      0xc02 build/stm32f1xx_hal_rcc.o
 .debug_line    0x00009a5c      0x5b9 build/stm32f1xx_hal_gpio.o
 .debug_line    0x0000a015      0xa29 build/stm32f1xx_hal_dma.o
 .debug_line    0x0000aa3e      0x60f build/stm32f1xx_hal_cortex.o
 .debug_line    0x0000b04d      0x21c build/system_stm32f1xx.o
 .debug_line    0x0000b269      0x1ca build/gpio.o
 .debug_line    0x0000b433      0x433 build/usart.o
 .debug_line    0x0000b866      0x742 build/tim.o
 .debug_line    0x0000bfa8      0x4d3 build/servo.o
 .debug_line    0x0000c47b      0x8af build/mpu6050.o
 .debug_line    0x0000cd2a      0x326 build/Scheduler.o
 .debug_line    0x0000d050      0x675 build/filter.o
 .debug_line    0x0000d6c5      0x5cd build/oled.o
 .debug_line    0x0000dc92       0x5c build/show.o
 .debug_line    0x0000dcee       0x75 build/startup_stm32f103xb.o

.debug_str      0x00000000     0x3e19
 .debug_str     0x00000000      0x70e build/main.o
                                0x7a6 (size before relaxing)
 .debug_str     0x0000070e      0x114 build/stm32f1xx_it.o
                                0x625 (size before relaxing)
 .debug_str     0x00000822       0xba build/stm32f1xx_hal_msp.o
                                0x213 (size before relaxing)
 .debug_str     0x000008dc     0x11f2 build/stm32f1xx_hal_tim.o
                               0x160a (size before relaxing)
 .debug_str     0x00001ace      0x591 build/stm32f1xx_hal_tim_ex.o
                                0xe0b (size before relaxing)
 .debug_str     0x0000205f      0x656 build/stm32f1xx_hal_uart.o
                                0xc60 (size before relaxing)
 .debug_str     0x000026b5      0x5c0 build/stm32f1xx_hal.o
                                0x7f6 (size before relaxing)
 .debug_str     0x00002c75      0x20a build/stm32f1xx_hal_rcc.o
                                0x5fd (size before relaxing)
 .debug_str     0x00002e7f      0x155 build/stm32f1xx_hal_gpio.o
                                0x3d2 (size before relaxing)
 .debug_str     0x00002fd4      0x1eb build/stm32f1xx_hal_dma.o
                                0x5cf (size before relaxing)
 .debug_str     0x000031bf      0x3bc build/stm32f1xx_hal_cortex.o
                                0x8a5 (size before relaxing)
 .debug_str     0x0000357b       0x4f build/system_stm32f1xx.o
                                0x226 (size before relaxing)
 .debug_str     0x000035ca       0x20 build/gpio.o
                                0x254 (size before relaxing)
 .debug_str     0x000035ea       0x33 build/usart.o
                                0xa30 (size before relaxing)
 .debug_str     0x0000361d       0x73 build/tim.o
                                0x962 (size before relaxing)
 .debug_str     0x00003690       0x53 build/servo.o
                                0x6c2 (size before relaxing)
 .debug_str     0x000036e3      0x29c build/mpu6050.o
                                0x454 (size before relaxing)
 .debug_str     0x0000397f       0xe9 build/Scheduler.o
                                0x2a0 (size before relaxing)
 .debug_str     0x00003a68      0x29f build/filter.o
                                0x48e (size before relaxing)
 .debug_str     0x00003d07       0xde build/oled.o
                                0x286 (size before relaxing)
 .debug_str     0x00003de5       0x10 build/show.o
                                0x181 (size before relaxing)
 .debug_str     0x00003df5       0x24 build/startup_stm32f103xb.o
                                 0x45 (size before relaxing)

.comment        0x00000000       0x4d
 .comment       0x00000000       0x4d build/main.o
                                 0x4e (size before relaxing)
 .comment       0x0000004d       0x4e build/stm32f1xx_it.o
 .comment       0x0000004d       0x4e build/stm32f1xx_hal_msp.o
 .comment       0x0000004d       0x4e build/stm32f1xx_hal_tim.o
 .comment       0x0000004d       0x4e build/stm32f1xx_hal_tim_ex.o
 .comment       0x0000004d       0x4e build/stm32f1xx_hal_uart.o
 .comment       0x0000004d       0x4e build/stm32f1xx_hal.o
 .comment       0x0000004d       0x4e build/stm32f1xx_hal_rcc.o
 .comment       0x0000004d       0x4e build/stm32f1xx_hal_gpio.o
 .comment       0x0000004d       0x4e build/stm32f1xx_hal_dma.o
 .comment       0x0000004d       0x4e build/stm32f1xx_hal_cortex.o
 .comment       0x0000004d       0x4e build/system_stm32f1xx.o
 .comment       0x0000004d       0x4e build/gpio.o
 .comment       0x0000004d       0x4e build/usart.o
 .comment       0x0000004d       0x4e build/tim.o
 .comment       0x0000004d       0x4e build/servo.o
 .comment       0x0000004d       0x4e build/mpu6050.o
 .comment       0x0000004d       0x4e build/Scheduler.o
 .comment       0x0000004d       0x4e build/filter.o
 .comment       0x0000004d       0x4e build/oled.o
 .comment       0x0000004d       0x4e build/show.o

.debug_frame    0x00000000     0x31fc
 .debug_frame   0x00000000       0x58 build/main.o
 .debug_frame   0x00000058       0xd8 build/stm32f1xx_it.o
 .debug_frame   0x00000130       0x2c build/stm32f1xx_hal_msp.o
 .debug_frame   0x0000015c      0xb18 build/stm32f1xx_hal_tim.o
 .debug_frame   0x00000c74      0x40c build/stm32f1xx_hal_tim_ex.o
 .debug_frame   0x00001080      0x5c4 build/stm32f1xx_hal_uart.o
 .debug_frame   0x00001644      0x1cc build/stm32f1xx_hal.o
 .debug_frame   0x00001810      0x190 build/stm32f1xx_hal_rcc.o
 .debug_frame   0x000019a0       0xe4 build/stm32f1xx_hal_gpio.o
 .debug_frame   0x00001a84      0x144 build/stm32f1xx_hal_dma.o
 .debug_frame   0x00001bc8      0x118 build/stm32f1xx_hal_cortex.o
 .debug_frame   0x00001ce0       0x30 build/system_stm32f1xx.o
 .debug_frame   0x00001d10       0x34 build/gpio.o
 .debug_frame   0x00001d44       0x94 build/usart.o
 .debug_frame   0x00001dd8       0xf4 build/tim.o
 .debug_frame   0x00001ecc       0x40 build/servo.o
 .debug_frame   0x00001f0c      0x300 build/mpu6050.o
 .debug_frame   0x0000220c       0xdc build/Scheduler.o
 .debug_frame   0x000022e8       0xb8 build/filter.o
 .debug_frame   0x000023a0      0x12c build/oled.o
 .debug_frame   0x000024cc       0x28 build/show.o
 .debug_frame   0x000024f4       0x2c e:/clion/gcc-arm-none-eabi/10 2020-q4-major/bin/../lib/gcc/arm-none-eabi/10.2.1/../../../../arm-none-eabi/lib/thumb/v7-m/nofp\libc_nano.a(lib_a-init.o)
 .debug_frame   0x00002520       0x20 e:/clion/gcc-arm-none-eabi/10 2020-q4-major/bin/../lib/gcc/arm-none-eabi/10.2.1/../../../../arm-none-eabi/lib/thumb/v7-m/nofp\libc_nano.a(lib_a-memset.o)
 .debug_frame   0x00002540       0x74 e:/clion/gcc-arm-none-eabi/10 2020-q4-major/bin/../lib/gcc/arm-none-eabi/10.2.1/../../../../arm-none-eabi/lib/thumb/v7-m/nofp\libc_nano.a(lib_a-printf.o)
 .debug_frame   0x000025b4      0x14c e:/clion/gcc-arm-none-eabi/10 2020-q4-major/bin/../lib/gcc/arm-none-eabi/10.2.1/../../../../arm-none-eabi/lib/thumb/v7-m/nofp\libc_nano.a(lib_a-findfp.o)
 .debug_frame   0x00002700       0x54 e:/clion/gcc-arm-none-eabi/10 2020-q4-major/bin/../lib/gcc/arm-none-eabi/10.2.1/../../../../arm-none-eabi/lib/thumb/v7-m/nofp\libc_nano.a(lib_a-fwalk.o)
 .debug_frame   0x00002754       0xb0 e:/clion/gcc-arm-none-eabi/10 2020-q4-major/bin/../lib/gcc/arm-none-eabi/10.2.1/../../../../arm-none-eabi/lib/thumb/v7-m/nofp\libc_nano.a(lib_a-lock.o)
 .debug_frame   0x00002804       0x30 e:/clion/gcc-arm-none-eabi/10 2020-q4-major/bin/../lib/gcc/arm-none-eabi/10.2.1/../../../../arm-none-eabi/lib/thumb/v7-m/nofp\libc_nano.a(lib_a-nano-mallocr.o)
 .debug_frame   0x00002834       0xac e:/clion/gcc-arm-none-eabi/10 2020-q4-major/bin/../lib/gcc/arm-none-eabi/10.2.1/../../../../arm-none-eabi/lib/thumb/v7-m/nofp\libc_nano.a(lib_a-nano-vfprintf.o)
 .debug_frame   0x000028e0       0x60 e:/clion/gcc-arm-none-eabi/10 2020-q4-major/bin/../lib/gcc/arm-none-eabi/10.2.1/../../../../arm-none-eabi/lib/thumb/v7-m/nofp\libc_nano.a(lib_a-nano-vfprintf_i.o)
 .debug_frame   0x00002940       0x2c e:/clion/gcc-arm-none-eabi/10 2020-q4-major/bin/../lib/gcc/arm-none-eabi/10.2.1/../../../../arm-none-eabi/lib/thumb/v7-m/nofp\libc_nano.a(lib_a-sbrkr.o)
 .debug_frame   0x0000296c       0x88 e:/clion/gcc-arm-none-eabi/10 2020-q4-major/bin/../lib/gcc/arm-none-eabi/10.2.1/../../../../arm-none-eabi/lib/thumb/v7-m/nofp\libc_nano.a(lib_a-stdio.o)
 .debug_frame   0x000029f4       0x40 e:/clion/gcc-arm-none-eabi/10 2020-q4-major/bin/../lib/gcc/arm-none-eabi/10.2.1/../../../../arm-none-eabi/lib/thumb/v7-m/nofp\libc_nano.a(lib_a-wbuf.o)
 .debug_frame   0x00002a34       0x2c e:/clion/gcc-arm-none-eabi/10 2020-q4-major/bin/../lib/gcc/arm-none-eabi/10.2.1/../../../../arm-none-eabi/lib/thumb/v7-m/nofp\libc_nano.a(lib_a-writer.o)
 .debug_frame   0x00002a60       0x2c e:/clion/gcc-arm-none-eabi/10 2020-q4-major/bin/../lib/gcc/arm-none-eabi/10.2.1/../../../../arm-none-eabi/lib/thumb/v7-m/nofp\libc_nano.a(lib_a-wsetup.o)
 .debug_frame   0x00002a8c       0x2c e:/clion/gcc-arm-none-eabi/10 2020-q4-major/bin/../lib/gcc/arm-none-eabi/10.2.1/../../../../arm-none-eabi/lib/thumb/v7-m/nofp\libc_nano.a(lib_a-closer.o)
 .debug_frame   0x00002ab8       0x5c e:/clion/gcc-arm-none-eabi/10 2020-q4-major/bin/../lib/gcc/arm-none-eabi/10.2.1/../../../../arm-none-eabi/lib/thumb/v7-m/nofp\libc_nano.a(lib_a-fflush.o)
 .debug_frame   0x00002b14       0x2c e:/clion/gcc-arm-none-eabi/10 2020-q4-major/bin/../lib/gcc/arm-none-eabi/10.2.1/../../../../arm-none-eabi/lib/thumb/v7-m/nofp\libc_nano.a(lib_a-lseekr.o)
 .debug_frame   0x00002b40       0x58 e:/clion/gcc-arm-none-eabi/10 2020-q4-major/bin/../lib/gcc/arm-none-eabi/10.2.1/../../../../arm-none-eabi/lib/thumb/v7-m/nofp\libc_nano.a(lib_a-makebuf.o)
 .debug_frame   0x00002b98       0x28 e:/clion/gcc-arm-none-eabi/10 2020-q4-major/bin/../lib/gcc/arm-none-eabi/10.2.1/../../../../arm-none-eabi/lib/thumb/v7-m/nofp\libc_nano.a(lib_a-memchr-stub.o)
 .debug_frame   0x00002bc0       0x30 e:/clion/gcc-arm-none-eabi/10 2020-q4-major/bin/../lib/gcc/arm-none-eabi/10.2.1/../../../../arm-none-eabi/lib/thumb/v7-m/nofp\libc_nano.a(lib_a-mlock.o)
 .debug_frame   0x00002bf0       0x38 e:/clion/gcc-arm-none-eabi/10 2020-q4-major/bin/../lib/gcc/arm-none-eabi/10.2.1/../../../../arm-none-eabi/lib/thumb/v7-m/nofp\libc_nano.a(lib_a-nano-freer.o)
 .debug_frame   0x00002c28       0x2c e:/clion/gcc-arm-none-eabi/10 2020-q4-major/bin/../lib/gcc/arm-none-eabi/10.2.1/../../../../arm-none-eabi/lib/thumb/v7-m/nofp\libc_nano.a(lib_a-readr.o)
 .debug_frame   0x00002c54       0x5c e:/clion/gcc-arm-none-eabi/10 2020-q4-major/bin/../lib/gcc/arm-none-eabi/10.2.1/../../../../arm-none-eabi/lib/thumb/v7-m/nofp\libc_nano.a(lib_a-reent.o)
 .debug_frame   0x00002cb0       0x2c e:/clion/gcc-arm-none-eabi/10 2020-q4-major/bin/../lib/gcc/arm-none-eabi/10.2.1/../../../../arm-none-eabi/lib/thumb/v7-m/nofp\libc_nano.a(lib_a-fstatr.o)
 .debug_frame   0x00002cdc       0x2c e:/clion/gcc-arm-none-eabi/10 2020-q4-major/bin/../lib/gcc/arm-none-eabi/10.2.1/../../../../arm-none-eabi/lib/thumb/v7-m/nofp\libc_nano.a(lib_a-isattyr.o)
 .debug_frame   0x00002d08       0x20 e:/clion/gcc-arm-none-eabi/10 2020-q4-major/bin/../lib/gcc/arm-none-eabi/10.2.1/../../../../arm-none-eabi/lib/thumb/v7-m/nofp\libm.a(lib_a-w_atan2.o)
 .debug_frame   0x00002d28       0x48 e:/clion/gcc-arm-none-eabi/10 2020-q4-major/bin/../lib/gcc/arm-none-eabi/10.2.1/../../../../arm-none-eabi/lib/thumb/v7-m/nofp\libm.a(lib_a-e_atan2.o)
 .debug_frame   0x00002d70       0x38 e:/clion/gcc-arm-none-eabi/10 2020-q4-major/bin/../lib/gcc/arm-none-eabi/10.2.1/../../../../arm-none-eabi/lib/thumb/v7-m/nofp\libm.a(lib_a-s_atan.o)
 .debug_frame   0x00002da8       0x20 e:/clion/gcc-arm-none-eabi/10 2020-q4-major/bin/../lib/gcc/arm-none-eabi/10.2.1/../../../../arm-none-eabi/lib/thumb/v7-m/nofp\libm.a(lib_a-s_fabs.o)
 .debug_frame   0x00002dc8       0x20 e:/clion/gcc-arm-none-eabi/10 2020-q4-major/bin/../lib/gcc/arm-none-eabi/10.2.1/../../../../arm-none-eabi/lib/thumb/v7-m/nofp\libnosys.a(close.o)
 .debug_frame   0x00002de8       0x20 e:/clion/gcc-arm-none-eabi/10 2020-q4-major/bin/../lib/gcc/arm-none-eabi/10.2.1/../../../../arm-none-eabi/lib/thumb/v7-m/nofp\libnosys.a(fstat.o)
 .debug_frame   0x00002e08       0x20 e:/clion/gcc-arm-none-eabi/10 2020-q4-major/bin/../lib/gcc/arm-none-eabi/10.2.1/../../../../arm-none-eabi/lib/thumb/v7-m/nofp\libnosys.a(isatty.o)
 .debug_frame   0x00002e28       0x20 e:/clion/gcc-arm-none-eabi/10 2020-q4-major/bin/../lib/gcc/arm-none-eabi/10.2.1/../../../../arm-none-eabi/lib/thumb/v7-m/nofp\libnosys.a(lseek.o)
 .debug_frame   0x00002e48       0x20 e:/clion/gcc-arm-none-eabi/10 2020-q4-major/bin/../lib/gcc/arm-none-eabi/10.2.1/../../../../arm-none-eabi/lib/thumb/v7-m/nofp\libnosys.a(read.o)
 .debug_frame   0x00002e68       0x20 e:/clion/gcc-arm-none-eabi/10 2020-q4-major/bin/../lib/gcc/arm-none-eabi/10.2.1/../../../../arm-none-eabi/lib/thumb/v7-m/nofp\libnosys.a(sbrk.o)
 .debug_frame   0x00002e88       0x20 e:/clion/gcc-arm-none-eabi/10 2020-q4-major/bin/../lib/gcc/arm-none-eabi/10.2.1/../../../../arm-none-eabi/lib/thumb/v7-m/nofp\libnosys.a(write.o)
 .debug_frame   0x00002ea8       0xac e:/clion/gcc-arm-none-eabi/10 2020-q4-major/bin/../lib/gcc/arm-none-eabi/10.2.1/thumb/v7-m/nofp\libgcc.a(_arm_addsubdf3.o)
 .debug_frame   0x00002f54       0x50 e:/clion/gcc-arm-none-eabi/10 2020-q4-major/bin/../lib/gcc/arm-none-eabi/10.2.1/thumb/v7-m/nofp\libgcc.a(_arm_muldivdf3.o)
 .debug_frame   0x00002fa4       0xc4 e:/clion/gcc-arm-none-eabi/10 2020-q4-major/bin/../lib/gcc/arm-none-eabi/10.2.1/thumb/v7-m/nofp\libgcc.a(_arm_cmpdf2.o)
 .debug_frame   0x00003068       0x24 e:/clion/gcc-arm-none-eabi/10 2020-q4-major/bin/../lib/gcc/arm-none-eabi/10.2.1/thumb/v7-m/nofp\libgcc.a(_arm_truncdfsf2.o)
 .debug_frame   0x0000308c       0x4c e:/clion/gcc-arm-none-eabi/10 2020-q4-major/bin/../lib/gcc/arm-none-eabi/10.2.1/thumb/v7-m/nofp\libgcc.a(_arm_addsubsf3.o)
 .debug_frame   0x000030d8       0x38 e:/clion/gcc-arm-none-eabi/10 2020-q4-major/bin/../lib/gcc/arm-none-eabi/10.2.1/thumb/v7-m/nofp\libgcc.a(_arm_muldivsf3.o)
 .debug_frame   0x00003110       0xc8 e:/clion/gcc-arm-none-eabi/10 2020-q4-major/bin/../lib/gcc/arm-none-eabi/10.2.1/thumb/v7-m/nofp\libgcc.a(_arm_cmpsf2.o)
 .debug_frame   0x000031d8       0x24 e:/clion/gcc-arm-none-eabi/10 2020-q4-major/bin/../lib/gcc/arm-none-eabi/10.2.1/thumb/v7-m/nofp\libgcc.a(_arm_fixsfsi.o)

.stab           0x00000000       0x9c
 .stab          0x00000000       0x24 e:/clion/gcc-arm-none-eabi/10 2020-q4-major/bin/../lib/gcc/arm-none-eabi/10.2.1/../../../../arm-none-eabi/lib/thumb/v7-m/nofp\libnosys.a(close.o)
 .stab          0x00000024       0x18 e:/clion/gcc-arm-none-eabi/10 2020-q4-major/bin/../lib/gcc/arm-none-eabi/10.2.1/../../../../arm-none-eabi/lib/thumb/v7-m/nofp\libnosys.a(fstat.o)
                                 0x24 (size before relaxing)
 .stab          0x0000003c       0x18 e:/clion/gcc-arm-none-eabi/10 2020-q4-major/bin/../lib/gcc/arm-none-eabi/10.2.1/../../../../arm-none-eabi/lib/thumb/v7-m/nofp\libnosys.a(isatty.o)
                                 0x24 (size before relaxing)
 .stab          0x00000054       0x18 e:/clion/gcc-arm-none-eabi/10 2020-q4-major/bin/../lib/gcc/arm-none-eabi/10.2.1/../../../../arm-none-eabi/lib/thumb/v7-m/nofp\libnosys.a(lseek.o)
                                 0x24 (size before relaxing)
 .stab          0x0000006c       0x18 e:/clion/gcc-arm-none-eabi/10 2020-q4-major/bin/../lib/gcc/arm-none-eabi/10.2.1/../../../../arm-none-eabi/lib/thumb/v7-m/nofp\libnosys.a(read.o)
                                 0x24 (size before relaxing)
 .stab          0x00000084       0x18 e:/clion/gcc-arm-none-eabi/10 2020-q4-major/bin/../lib/gcc/arm-none-eabi/10.2.1/../../../../arm-none-eabi/lib/thumb/v7-m/nofp\libnosys.a(write.o)
                                 0x24 (size before relaxing)

.stabstr        0x00000000      0x14d
 .stabstr       0x00000000      0x14d e:/clion/gcc-arm-none-eabi/10 2020-q4-major/bin/../lib/gcc/arm-none-eabi/10.2.1/../../../../arm-none-eabi/lib/thumb/v7-m/nofp\libnosys.a(close.o)

Cross Reference Table

Symbol                                            File
ADC1_2_IRQHandler                                 build/startup_stm32f103xb.o
AHBPrescTable                                     build/system_stm32f1xx.o
                                                  build/stm32f1xx_hal_rcc.o
APBPrescTable                                     build/system_stm32f1xx.o
                                                  build/stm32f1xx_hal_rcc.o
Angle_err_X                                       build/filter.o
Angle_err_Y                                       build/filter.o
Angle_err_Z                                       build/filter.o
BusFault_Handler                                  build/stm32f1xx_it.o
CAN1_RX1_IRQHandler                               build/startup_stm32f103xb.o
CAN1_SCE_IRQHandler                               build/startup_stm32f103xb.o
C_0_X                                             build/filter.o
C_0_Y                                             build/filter.o
C_0_Z                                             build/filter.o
DMA1_Channel1_IRQHandler                          build/startup_stm32f103xb.o
DMA1_Channel2_IRQHandler                          build/startup_stm32f103xb.o
DMA1_Channel3_IRQHandler                          build/startup_stm32f103xb.o
DMA1_Channel4_IRQHandler                          build/startup_stm32f103xb.o
DMA1_Channel5_IRQHandler                          build/startup_stm32f103xb.o
DMA1_Channel6_IRQHandler                          build/startup_stm32f103xb.o
DMA1_Channel7_IRQHandler                          build/startup_stm32f103xb.o